(node:29832) ExperimentalWarning: SQLite is an experimental feature and might change at any time
(Use `node --trace-warnings ...` to show where the warning was created)
✔ api: identities, CSP header, static page (57.844916ms)
✔ api: startup ingestion fills lattice-events; channel guarded from non-system posts (28.381167ms)
✔ api: channels, messages, threads, refs, unread, read watermark (30.821958ms)
✔ api: AS-3 — POST /api/read with over-max upTo is 400 and moves nothing (21.3075ms)
✔ api: task resolution endpoint and clear 4xx errors (19.185625ms)
✔ api: AS-6 — #board is hidden from non-members, byte-identically to nonexistent (35.670416ms)
✔ api: AS-11 — cross-conversation threadRoot rejection is type-blind over HTTP (27.191125ms)
✔ api: AS-9 — url-state.js is served; query string never affects static routing (14.241666ms)
✔ api: AS-17 — scroll.js is served (app.js module graph must not 404) (10.813334ms)
✔ api: AS-19 — thread-modal.js is served; index.html ships the modal, not the sidebar (10.002708ms)
✔ api: AS-23 — served page and CSS carry the mobile layout artifacts (8.2305ms)
✔ api: AS-8 — roster joins personnel, lattice work status, and DM state (16.815667ms)
✔ api: AS-8 — roster degrades to empty when personnel/ is absent (4.85425ms)
✔ api: AS-24 — POST /api/channels honors visibility/members; members-without-private is a store-level 400 (16.619791ms)
✔ api: AS-24 — POST /api/catchup marks everything read (24.424333ms)
✔ api: AS-24 — POST /api/sync ingests new lattice events immediately (no 10s throttle) (18.943333ms)
✔ api: AS-24 — GET /api/messages honors ?limit= (CLI history --limit parity) (20.998917ms)
✔ api: AS-24 — GET /api/dump and /api/export are byte-faithful to the store (16.776625ms)
✔ api: malformed JSON body is a 400 with a clear message (9.081542ms)
✔ api: AS-25 — GET /api/messages?since= returns the flat delta; hidden-channel parity holds for since= (33.760875ms)
✔ api: AS-25 — live.js is served (app.js module graph must not 404); the 5s poll is retired (10.349917ms)
✔ api: AS-72 — app.js schedules exactly two intervals (balanced-paren scan): one >=30s reconcile, one render-only tick (7.21725ms)
✔ api: AS-18 — dm-sort.js is served (app.js module graph must not 404) (9.68725ms)
✔ api: AS-26 — msg-refs.js and markdown.js are served; index.html ships the file modal (20.378625ms)
✔ api: AS-26 — GET /api/message/<id> resolves navigation data; hidden = nonexistent byte-identically (20.30975ms)
✔ api: AS-26 — GET /api/file serves allowlisted repo markdown; every probe 404s byte-identically (49.079917ms)
✔ api: AS-61 — GET /api/file refuses hard links (nlink > 1) byte-identically, and .claude/ stays unreachable by name (28.240125ms)
✔ api: AS-54 — served app.js autolinks through markdown.js and never inside a markdown link (11.37475ms)
✔ api: AS-33 — /api/org reports violations from the fixture root (16.077708ms)
✔ api: AS-33 — /api/org degrades to empty on a root with no personnel/ (7.346708ms)
✔ api: AS-33 — /api/roster keeps its envelope while gaining the reporting edge (11.047917ms)
✔ api: AS-33 — org-chart.js is served, imported, and holds the no-innerHTML line (15.32ms)
✔ api: AS-33 — index.html ships the org chart control and modal skeleton (10.564917ms)
✔ api: AS-33 — check-org --json matches GET /api/org for the same root (74.101416ms)
✔ api: AS-32 — served app.js renders the roster title through el() and shows title alone (26.7145ms)
✔ api: AS-32 — style.css truncates the roster title to one line (11.726917ms)
✔ api: AS-74 — served app.js keeps the org chart node label as title · class · team (the other half of the AS-32 divergence) (10.499584ms)
✔ api: AS-74 — every served public/ module is free of markup sinks (12 examined) (15.582833ms)
✔ api: AS-28 — /favicon.svg is served with the SVG content type (9.083584ms)
✔ api: AS-28 — index.html links the favicon (10.525ms)
✔ api: AS-28 — the favicon uses only palette hex values (10.822667ms)
✔ api: AS-27 — GET /api/loop-status reports each of the four states from its own file configuration (14.941042ms)
✔ api: AS-95 — a watcher loop is observable over /api/loop-status, with its tick count and its stop reason (31.813875ms)
✔ api: AS-27 — the AS-16 nonce never leaves the server, and malformed files never 500 (21.556791ms)
✔ api: AS-27 — a pre-AS-27 watcher pid file (no heartbeatAt) reads as off, honestly (10.201458ms)
✔ api: AS-27 — loop-status.js is served and imported; the production poll cadence is 2s (9.36075ms)
✔ api: AS-75 — GET /api/build reports the baked id, and "unknown"/absent as not-an-id (31.596291ms)
✔ api: AS-75 — /api/loop-status carries build, and current is null (never false) whenever we cannot know (21.029666ms)
✔ api: AS-75 — a malformed deploy-state.json never throws and never changes state (11.914417ms)
✔ api: AS-75 — composeBuild is pure and tri-state at the unit level (0.241959ms)
✔ api: AS-87 — composeBuild passes 'deploying' through when fresh, and still overrides to stale-state when not (0.094709ms)
✔ api: AS-93 — /api/config exposes exactly the dashboard override; dashboard-link.js is served, imported, and pure (14.213917ms)
✔ api: AS-93 — all four dashboard link sites go through the helper (4 examined, 4 covered) (8.35375ms)
✔ api: AS-99 — GET /api/lanes joins the watcher snapshot to the live board (9.347458ms)
✔ api: AS-99 — api-lanes-stale-boundary: age comes from generatedAt, never the file mtime (8.528666ms)
✔ api: AS-99 — every degraded feed is a named reason, never a short list (10.82875ms)
✔ api: AS-99 — api-lanes-git-error-badge: a refused git enumeration reaches the board as a dash, not a zero (9.850125ms)
✔ api: AS-99 — api-lanes-key-whitelist: the payload carries no field the contract does not name (6.941916ms)
✔ api: AS-99 — /lanes.js is served, and the client edges are real (6.059ms)
✔ api: AS-99 — LANES_POLL_MS is the pinned production cadence (0.219292ms)
✔ api-events-since-exclusive: AS-100 — /api/events filters by since, task and limit, and reports its own stream reason (11.241709ms)
✔ api-events-key-whitelist: AS-100 — a line that grew a field reaches no reader (7.157792ms)
✔ api: AS-100 — EVENTS_POLL_MS is the pinned production cadence (0.18675ms)
(node:29833) ExperimentalWarning: SQLite is an experimental feature and might change at any time
(Use `node --trace-warnings ...` to show where the warning was created)
✔ cli: chat channels never lists #board for a non-member; members see it (308.86775ms)
✔ cli: hidden probes fail string-identically to nonexistent ones (modulo the echoed name) (572.622334ms)
✔ cli: inbox and catchup never touch #board for a non-member (179.562375ms)
✔ cli: create-channel collision on the hidden name is uninformative (97.206416ms)
✔ cli: roster prints the active company roster with work status (AS-8) (186.070916ms)
✔ cli: direct mode reconciles identities — a dossier-only hire can post with no prior register (AS-89 AC-7) (95.682459ms)
✔ cli: members use #board normally (post, history, reply, read) (184.299584ms)
✔ cli: AS-3 — history/read/reply on a nonexistent DM never create a row (224.791708ms)
✔ cli: AS-3 — DM read-path error quality is preserved (typo, self-DM) (96.072125ms)
✔ cli: AS-22 acceptance — five-seat private #bizdev is created, usable by members, invisible to others (558.737416ms)
✔ cli: AS-22 — --members without --visibility private is a usage error (136.986ms)
✔ cli: AS-22 — store validation errors pass through unchanged (175.94825ms)
✔ cli: AS-22 — flagged create on a hidden name stays uninformative (oracle regression) (46.529416ms)
✔ cli: AS-22 — flagless public create-channel is unchanged, including --json shape (135.431708ms)
✔ cli: AS-3 — chat dm still creates the conversation and posts (regression guard) (137.4145ms)
✔ dashboard-link: AS-93 — a tailnet page links to the same host on :8443 (0.512125ms)
✔ dashboard-link: AS-93 — a loopback page links to :8799 (all four loopback spellings) (0.109625ms)
✔ dashboard-link: AS-93 — fails closed: the href host is ALWAYS the page host, never a loopback fallback (0.202666ms)
✔ dashboard-link: AS-93 — an explicit override wins; blank and non-http overrides fall back to inference (4.733625ms)
✔ dashboard-link: AS-93 — a blank page hostname yields a host-less link, never a loopback one (0.105792ms)
✔ AS-86 deploy-inputs-git: a committed change to .dockerignore changes the desired id (572.091583ms)
✔ AS-86 deploy-inputs-git: a stray compose.override.yaml is rejected by the classifier (320.23525ms)
✔ deploy-shape: parser sees the manifests it is about to assert on (0.957666ms)
✔ deploy-shape: PRODUCTION_COMPOSE_PROJECT is the `name:` compose.yaml declares (0.154417ms)
✔ deploy-shape: /api/file reaches every repo markdown path the app links (0.26125ms)
✔ deploy-shape: the repo mount is the whole checkout, read-only (0.099375ms)
✔ deploy-shape: cli keeps its lattice + personnel reads; test service stays mountless (0.09575ms)
✔ deploy-shape: IMAGE_INPUTS is exactly the set the Dockerfile COPYs (0.340667ms)
✔ deploy-shape: the COPY parser throws on forms it does not understand (0.297917ms)
✔ deploy-shape: .dockerignore is an image input and hides no manifest (0.164125ms)
✔ deploy-shape: the .dockerignore parser throws on forms it does not understand (0.143917ms)
✔ deploy-shape: every tracked path under apps/chat is an image input or declared not one (51.325084ms)
✔ deploy-shape: the server image is stamped with the build id the deployer computes (0.267833ms)
✔ deploy-shape: `up -d --build` starts the server alone — cli and test stay behind the tools profile (0.069583ms)
✔ dm-sort: teamPrefix — agent, human, system, multi-hyphen, no-hyphen (0.561084ms)
✔ dm-sort: teamPrefix — malformed input degrades to empty string (0.329584ms)
✔ dm-sort: rosterOrder — no pins: prefix groups lexicographic, name tie-break (9.163333ms)
✔ dm-sort: rosterOrder — pinned float to top, comparator-sorted within tiers (0.101333ms)
✔ dm-sort: rosterOrder — pins referencing absent ids are ignored (0.082375ms)
✔ dm-sort: rosterOrder — never mutates input; junk degrades to [] (0.110209ms)
✔ dm-sort: dmOrder — sorts by other-member prefix, then display name; no pins (0.136542ms)
✔ dm-sort: dmOrder — stable over identical keys (0.069833ms)
✔ dm-sort: togglePin — add, remove, dedupe, input untouched (0.089083ms)
✔ dm-sort: sanitizePins — arrays keep string members deduped; junk -> [] (0.20625ms)
✔ events-cli-creates-dir (52.129666ms)
✔ events-cli-rejects-cut (409.551583ms)
✔ events-cli-unresolved-task-still-emits (118.191292ms)
✔ events-cli-open-and-tail (338.137291ms)
✔ events-envelope-keys (6.808458ms)
✔ lattice-events-share-parser (0.712834ms)
✔ events-id-monotonic (4.2085ms)
✔ events-append-only (0.45225ms)
✔ events-no-truncating-path (1.54125ms)
✔ events-make-validates (0.352417ms)
✔ watcher-events-outcome-timeout (0.122542ms)
✔ events-open-derived-from-stream (0.316167ms)
✔ events-liveness-bound (0.178ms)
✔ events-liveness-shapes (0.29525ms)
✔ events-fold-incremental-equals-batch (0.744292ms)
✔ events-project-whitelists-keys (0.390084ms)
✔ events-read-stream-reasons (0.278417ms)
(node:29840) ExperimentalWarning: SQLite is an experimental feature and might change at any time
(Use `node --trace-warnings ...` to show where the warning was created)
✔ export round-trips the messages table faithfully (13.989292ms)
✔ export is deterministic and ignores read_state churn (6.412375ms)
✔ export is append-only: prior files are strict prefixes after new messages (8.221833ms)
✔ DM filenames use the ~ scheme, are safe, and never collide (5.062375ms)
✔ cli: chat export writes files, prints summary, and re-runs byte-identically (210.846458ms)
✔ AS-6: #board never produces an export file, even with messages in it (5.237708ms)
✔ AS-6: the export header line format is unchanged (no visibility key) (4.694125ms)
✔ AS-6: interleaved board traffic never perturbs public export files (5.748625ms)
✔ cli: AS-6 — chat export skips #board: no file, no counts, still byte-identical on re-run (110.369833ms)
✔ AS-91: a DM with a human participant produces no export file; the sibling agent-agent DM still does (7.35625ms)
✔ AS-91: any human identity is excluded, not just human:forrest (human-second and human-first keys) (10.420959ms)
✔ cli: AS-91 — chat export skips human DMs: no file, no counts, still byte-identical on re-run (161.733959ms)
✔ cli: AS-3 — history on a nonexistent DM adds no export file (213.674958ms)
(node:29847) ExperimentalWarning: SQLite is an experimental feature and might change at any time
(Use `node --trace-warnings ...` to show where the warning was created)
✔ identities: every active dossier is registered before the server accepts requests (AC-1, AC-9) (45.819958ms)
✔ identities: a new dossier with no identity can post without anyone registering it (AC-2) (36.591208ms)
chat: identity reconciliation skipped 1 dossier(s): agent:blank-name (displayName must be a non-empty string.)
✔ identities: departed dossiers are not registered (AC-3) (12.26975ms)
✔ identities: an existing identity with a drifted display name is left as-is (AC-4) (12.743416ms)
✔ identities: a dossier registerIdentity rejects is skipped and reported; the server still boots (AC-5) (24.301833ms)
✔ identities: missing personnel/ dir reconciles nothing and the server is up (AC-6, AS-8 contract) (9.668375ms)
✔ identities: reconciliation is idempotent across two boots on one DB (AC-8) (10.255709ms)
✔ lanes-label-null-is-dash: an unanswered fetch is a dash, never a zero (3.2935ms)
✔ lanes-label-reason-table: every snapshot reason has a sentence, and no sentence is orphaned (0.432292ms)
✔ lanes-label-git-error-is-not-a-measured-zero: git refusing is not "nothing in flight" (0.186208ms)
✔ lanes-label-empty-state-table: every reason has its own empty-state sentence, and only `ok` claims a measurement (0.129166ms)
✔ lanes-label-stale-caption: a stale snapshot says so, in age and in words (0.130208ms)
✔ lanes-label-task-only-not-cut-yet: a lane with no branch never reads 0 or clean (0.314542ms)
✔ lanes-label-card-fields: a worktree lane renders all eight durable fields in words (0.200041ms)
✔ lanes-label-employee-disagreement-is-shown: two identities, assignee first (0.134958ms)
✔ lanes-label-dirty-lattice-and-errors: the two-plane violation and a failed git call are said out loud (0.174459ms)
✔ lanes-label-unknown-task-and-detached: a lane with no join still renders a card (0.375458ms)
✔ lanes-label-stale-badge-says-why: the STALE flag is never a bare word (0.700708ms)
✔ lanes-label-tick-line-is-whole-company: the liveness line refuses to imply per-lane (0.417542ms)
✔ lanes-label-activity-has-no-producer-yet: blank, live and decayed at the 15 s boundary (0.120208ms)
✔ lanes-label-events-reason-table: every stream reason has a sentence, and no sentence is orphaned (0.172209ms)
✔ lanes-label-outcome-tables: every stage outcome and sub-agent exit has a sentence (0.103292ms)
✔ lanes-label-no-stream-fills-both-slots: the missing input is named, not blanked (0.085ms)
✔ lanes-label-stale-open-not-running: an expired tick box is never reported as running (0.232458ms)
✔ lanes-label-live-counts-up-and-ended-says-its-outcome (0.112417ms)
✔ lanes-parse-detached: main + linked + detached rows parse to three rows (1.732792ms)
✔ lanes-parse-tolerant: a record missing HEAD is a row with an error, never a throw (0.138917ms)
✔ lanes-parse-trailer: the final record survives a missing trailing blank line (0.08075ms)
✔ lanes-relpath: the absolute host path is stripped to a repo-relative one (0.148875ms)
✔ lanes-relpath-outside-repo: a worktree outside the root is marked, never carried as a host path (0.126208ms)
✔ lanes-status-summary: dirty count, and .lattice dirt called out by name (0.180167ms)
✔ lanes-merged-fresh-branch-is-not-merged: all three facts are needed (0.0695ms)
✔ lanes-compose-shape: a joined lane carries exactly the projection keys (4.076ms)
✔ lanes-compose-unknown-task-kept: N worktree rows in, N worktree lanes out (8.995584ms)
✔ lanes-compose-link-beats-name: an explicit branch-link wins over a parsed short code (0.216541ms)
✔ lanes-compose-branch-name-fallback: no link, so the short code in the name joins (0.201167ms)
✔ lanes-compose-task-only-membership: mid-lifecycle without a worktree is a lane; a queue is not (0.217666ms)
✔ lanes-compose-task-only-with-worktree: needs_human WITH a worktree is a lane (0.091916ms)
✔ lanes-compose-no-double-count: a mid-lifecycle task joined to a worktree yields ONE lane (0.078166ms)
✔ lanes-compose-order: worktree lanes by path, then task-only lanes by short id (0.12675ms)
✔ lanes-stale-reasons: done, cancelled and merged each flag; a live lane does not (0.162417ms)
✔ lanes-employee-both-fields: assignee and git author are never merged (0.096333ms)
✔ lanes-stale-boundary: the boundary is LANES_STALE_MS, taken from generatedAt (0.092792ms)
✔ lanes-degradation: every unreadable feed is a named reason, never a short list (0.17075ms)
✔ lanes-compose-tolerant: hostile and half-written rows never throw (0.102083ms)
✔ lanes-liveness-shape-unchanged (0.12925ms)
(node:29864) ExperimentalWarning: SQLite is an experimental feature and might change at any time
(Use `node --trace-warnings ...` to show where the warning was created)
✔ resolveShortId resolves existing tasks and flags missing ones (2.35825ms)
✔ dashboardTaskUrl: default base, env override, trailing-slash trim (AS-10) (3.996958ms)
✔ resolveRefs extracts unique refs; unresolvable codes are flagged, not dropped (0.503166ms)
✔ readTaskEvents: per-task files only, ordered by ts, malformed lines skipped (0.427625ms)
✔ formatEvent formats creations and transitions; truncates long titles (0.463958ms)
✔ assignmentsByActor: in-flight only, priority ranking, recency tie-break (AS-8) (8.849959ms)
✔ assignmentsByActor: missing tasks dir yields an empty map (0.8435ms)
✔ assignmentsByActor: prototype-chain status "constructor" is not in-flight (AS-12) (1.673791ms)
✔ assignmentsByActor: assigned_to "__proto__" is a safe own key, no throw (AS-12) (1.167833ms)
✔ ingestNewEvents is idempotent: five runs post each event exactly once (T6) (12.308541ms)
✔ launchd: AS-94 — every plist template under watch/ renders clean and carries the common job shape (6.149125ms)
✔ launchd: AS-94 — the dashboard job binds loopback :8799 from the repo root, exactly (0.272291ms)
✔ launchd: AS-94 — the README install recipe substitutes exactly each template's placeholders (0.575208ms)
✔ launchd: AS-94 — the plist reader throws on forms it does not understand (0.4875ms)
✔ link-sites: AS-98 — every href in public/*.js comes from an allowlisted source (12 files, 9 assignments examined) (2.772042ms)
✔ link-sites: AS-98/AS-120 — no file in public/*.js sets href by any mechanism other than a plain .href = assignment (3.052625ms)
✔ link-sites: AS-98 — no file in public/*.js reads the server-baked url field (member or bracket access) (1.5435ms)
✔ link-sites: AS-98 — the classifier itself rejects every known evasion spelling and accepts every allowed one (0.281ms)
✔ link-sites: AS-120 — the classifier and the mechanism ban see all 16 ECMAScript assignment operators and no comparison operator (0.210333ms)
✔ AS-25 live: maxLoadedId spans top-level messages and thread replies; 0 when empty (0.500167ms)
✔ AS-25 live: top-level merge — appends id-ordered, normalizes replyCount, dedupes by id (0.482833ms)
✔ AS-25 live: reply merge — appends to threads[root], bumps loaded root replyCount exactly once (0.127209ms)
✔ AS-25 live: catch-up idempotency — replaying the same delta changes nothing (0.78975ms)
✔ AS-27 label: the four states produce four distinct tones and labels (1.344083ms)
✔ AS-27 label: detail carries the evidence — ages, pid, and the source (0.160958ms)
✔ AS-27 label: a stale lock names its source and says stale, without becoming a tick (0.143042ms)
✔ AS-27 label: the no-heartbeat watcher yields the off tone and names the restart (0.214958ms)
✔ AS-27 label: the between-ticks gap is described as a limit, not hidden (0.117625ms)
✔ AS-27 label: an unavailable status degrades to off/unavailable, never a throw (0.088125ms)
✔ AS-75 label: exactly one build sentence, distinct per case, silent when current (0.180625ms)
✔ AS-75 label: every build reason has prose, and null is never rendered as behind (0.229542ms)
✔ AS-87 label: "deploying" says a rebuild is running now and points at the build log (0.113333ms)
✔ AS-75 label: a deploy holds the lock and says so — "Tick in flight · deploy" (0.124ms)
✔ AS-95 label: a watcher loop is "Loop active · watcher, tick N", and the count comes from the lock first (0.13825ms)
✔ AS-95 label: a stopped loop says WHY, in words, and only while no loop is running (0.170375ms)
✔ AS-95 label: an absent or malformed loop key changes nothing (pre-AS-95 server parity) (0.112375ms)
✔ AS-75 label: an absent or malformed build key changes nothing (0.075458ms)
✔ f5-between-ticks-label: the gap between loop ticks reads as a loop, and says it is a gap (0.076042ms)
✔ f5-idle-keeps-its-own-words: a session loop between ticks still gets C5’s explanation (0.172041ms)
✔ AS-27 loop-status: the four states, each from the inputs that produce it (3.342625ms)
✔ AS-27 loop-status: staleness boundary is the watcher's, not a second comparison (0.223291ms)
✔ AS-27 loop-status: watcher freshness window is WATCHER_STALE_MS (12 watcher polls) (0.11ms)
✔ AS-27 loop-status: malformed lock and pid files degrade to a reason, never a throw (0.53175ms)
✔ AS-27 loop-status: the AS-16 nonce is never copied into the derived object (0.190167ms)
✔ AS-27 loop-status: a startedAt in the future (host clock skew) reads as age 0, never negative (0.094375ms)
✔ AS-95 loop-status: a watcher tick inside a loop derives state watcher-loop, from either witness alone (0.140916ms)
✔ AS-95 loop-status: watcher-loop never displaces the states that already existed (0.093709ms)
✔ f5-between-ticks: a live loop between its ticks is a loop, not idle (0.08725ms)
✔ f5-needs-a-live-watcher: an active mirror with a dead watcher is off, never a loop (0.119458ms)
✔ f5-does-not-touch-the-lock-states: a fresh lock still decides who holds it (0.08775ms)
✔ AS-95 loop-status: lastLoop survives a stopped loop, and a garbage loop file degrades to null (0.14175ms)
✔ inline: strong, em (both delimiters), code, link — delimiters dropped from inner (2.281834ms)
✔ inline: mixed body tokenizes in order with text between (0.141084ms)
✔ inline: javascript: and other non-http schemes stay literal (edge case 16) (0.124208ms)
✔ inline: false positives stay literal (edge case 14) (0.086792ms)
✔ inline: code has precedence — styling never fires inside a code span (0.079667ms)
✔ inline: refs inside styling keep their text for the per-leaf ref passes (edge case 15) (0.062167ms)
✔ inline: single level — inner is not re-tokenized by the caller contract (0.057209ms)
✔ inline: junk-tolerant on non-strings and empty input (0.056792ms)
✔ blocks: headings, fenced code, paragraphs on blank lines, list lines stay plain (0.457084ms)
✔ blocks: unclosed fence runs to EOF; ####### is a paragraph, not a heading (0.151792ms)
✔ urls: bare http/https autolink — the corpus cases from chat history (0.611584ms)
✔ urls: trailing sentence punctuation stays literal text (0.916583ms)
✔ urls: closing brackets belong to the URL only when balanced (0.224333ms)
✔ urls: scheme allowlist — non-http(s) schemes never produce a url token (0.083458ms)
✔ urls: scheme parity — bare URLs and markdown links accept the same schemes (0.473625ms)
✔ urls: href is a verbatim source slice; round-trip holds over a fuzz corpus (114.072792ms)
✔ urls: AS-72 — a trailing en dash / em dash / ellipsis is prose; mid-URL it is not (D3) (0.186708ms)
✔ urls: AS-72 — no invisible format (Cf) code point enters an href (D4) (5.986292ms)
✔ urls: pass order — refs inside a URL are never linkified; refs outside still are (0.922167ms)
✔ urls: junk-tolerant on non-strings and empty input (0.058125ms)
(node:29893) ExperimentalWarning: SQLite is an experimental feature and might change at any time
(Use `node --trace-warnings ...` to show where the warning was created)
✔ mode: AS-83 — a failed CLI exit is reported with status, signal, elapsed ms, stderr and stdout (0.57625ms)
✔ mode: AS-24 — API-mode writes land in the server view; no DB file is ever created (534.961417ms)
✔ mode: AS-24 — probe timeout (something listening, not answering) refuses loudly, zero side effects (3055.51675ms)
✔ mode: AS-83 — a live server that answers slower than the probe budget is refused as ambiguous (the flake signature) (100.412792ms)
✔ mode: AS-83 — the same slow server inside the budget is up: the write lands in the server view, no DB touched (408.318458ms)
✔ mode: AS-83 — CHAT_PROBE_TIMEOUT_MS must be a positive integer of milliseconds; anything else is a usage error on every path (151.14275ms)
✔ mode: AS-24 — squatted port (wrong-shaped JSON) refuses loudly, zero side effects (53.630625ms)
✔ mode: AS-24 — hard connection-refused falls back to direct mode against CHAT_DB (62.242083ms)
✔ mode: AS-24 — CHAT_MODE=direct skips the probe entirely (poisoned CHAT_API never contacted) (46.405417ms)
✔ mode: AS-24 — CHAT_MODE=api with a down server is a loud exit 1 (47.54925ms)
✔ mode: AS-24 — invalid CHAT_MODE is a usage error (33.596625ms)
✔ mode: AS-24 — full command sweep in API mode (no DB file, direct-mode shapes) (2490.342209ms)
✔ mode: AS-24 — CHAT_DB alone (rule 4) stays direct with no probe: the suite is hermetic (46.581833ms)
✔ msg-refs: single reference, keyword variants, optional # (1.789583ms)
✔ msg-refs: list idioms yield one token per number (edge case 8) (0.164542ms)
✔ msg-refs: list consumption stops at the first non-integer (0.075916ms)
✔ msg-refs: AS-n adjacency — task codes never feed msg refs (edge case 7) (0.104125ms)
✔ msg-refs: bare numbers without a keyword never match (0.070667ms)
✔ msg-refs: ids must be positive safe integers (0.081791ms)
✔ msg-refs: multiple separate references in one body (0.058625ms)
✔ msg-refs: junk-tolerant on non-strings and empty input (0.053416ms)
✔ file-refs: bare filenames, nested paths, and .lattice paths match (0.272792ms)
✔ file-refs: trailing punctuation and backtick context stay outside the token (0.135ms)
✔ file-refs: traversal, absolute, dot-leading, and non-md candidates stay literal (0.149625ms)
✔ file-refs: multiple refs in one body, junk-tolerant input (0.071209ms)
✔ org: the module is pure — no imports, no fs, no fetch, no DOM, no clock (1.117375ms)
✔ org: ORG_RULES is exactly the nine documented codes (1.405084ms)
✔ org: orphan_reports_to fires on an edge pointing at no dossier (0.331584ms)
✔ org: orphan_reports_to names a departed manager as the reason (0.092333ms)
✔ org: orphan_reports_to names an invalid status, not departed, when that is the reason (0.137417ms)
✔ org: validateOrg tolerates a null roster entry, as buildOrgTree does (0.18025ms)
✔ org: missing_reports_to fires on an empty reporting line (0.081125ms)
✔ org: reporting_cycle fires once per cycle and returns (0.182958ms)
✔ org: reports_to_ic fires when a manager is class ic (0.099ms)
✔ org: reports_to_ic does not fire for cofounder, c-level or manager (0.121666ms)
✔ org: unparsed_dossier fires on fenced-but-broken dossiers and spares README.md (9.372208ms)
✔ org: duplicate_actor_id fires when two files declare one identity (0.168083ms)
✔ org: invalid_class fires on a class outside the four (0.071875ms)
✔ org: invalid_status fires on the unfiltered roster (0.106167ms)
✔ org: multiple_board_reports fires on a second board report (0.052667ms)
✔ org: violations sort by (rule, actorId, file) (0.100709ms)
✔ org: a clean roster yields zero violations (0.53725ms)
✔ org: the tree roots at the board node and nests reports by name (0.398583ms)
✔ org: every active employee appears exactly once — tree plus unplaced (0.342625ms)
✔ org: an orphaned employee is still shown, under Not placed (0.074958ms)
✔ org: cycle members land in unplaced, never in the tree (0.066291ms)
✔ org: an empty roster still yields the board node, and junk degrades (0.391375ms)
✔ check-org: exits 0 on a clean fixture root (58.167583ms)
✔ check-org: exits 1 and names every violation on the dirty fixture root (69.598084ms)
✔ check-org: exits 2 on an unknown flag and on --root without a value (104.71625ms)
✔ check-org: a root with no personnel/ is exit 0 and says so (119.179583ms)
✔ check-org: reports the examined count and every unclassifiable person on a scratch root (66.815ms)
✔ readRoster: valid dossiers parsed with all 8 fields, sorted by name (10.5105ms)
✔ readRoster: inline # comments and surrounding quotes are stripped (0.5475ms)
✔ readRoster: missing personnel/ directory yields [] (degradation contract) (0.742833ms)
✔ parseFrontmatter: fences, junk lines, quotes, and comments (0.114792ms)
✔ readPersonnel: fence whitespace and a BOM never hide a broken dossier (2.088125ms)
✔ readPersonnel: examined counts every .md file, dossier or not (2.9535ms)
(node:29932) ExperimentalWarning: SQLite is an experimental feature and might change at any time
(Use `node --trace-warnings ...` to show where the warning was created)
✔ parity: the CLI roster row is the server roster row minus self, in direct and api mode (451.078958ms)
✔ css-cascade: a later rule of equal specificity wins (1.974333ms)
✔ css-cascade: higher specificity beats source order (1.155541ms)
✔ css-cascade: !important beats specificity and order (1.148959ms)
✔ css-cascade: rules inside @media compete, tagged with their condition (0.262333ms)
✔ css-cascade: a selector it cannot score throws instead of guessing (0.271458ms)
✔ truncation: AS-74 — the cascade leaves .roster-title nowrap, overflow hidden, ellipsis — no later or stronger rule re-enables wrapping (4.734292ms)
✔ scroll: isAtBottom — slack boundary at default slack (40) (0.506209ms)
✔ scroll: isAtBottom — explicit slack overrides the default (0.076375ms)
✔ scroll: isAtBottom — degenerate metrics count as at-bottom (0.075875ms)
✔ scroll: renderPreservingScroll — forceBottom jumps to the new bottom (0.704417ms)
✔ scroll: renderPreservingScroll — at bottom stays stuck to new content (0.072083ms)
✔ scroll: renderPreservingScroll — scrolled up restores position exactly (0.055375ms)
✔ scroll: renderPreservingScroll — unchanged content, scrolled up: no movement (0.073375ms)
✔ scroll: renderPreservingScroll — empty/hidden pane is a safe no-op-to-bottom (0.054458ms)
(node:29959) ExperimentalWarning: SQLite is an experimental feature and might change at any time
(Use `node --trace-warnings ...` to show where the warning was created)
✔ seeds four identities and four channels (#board private), idempotently (16.83725ms)
✔ registerIdentity validates and rejects duplicates (8.069292ms)
✔ createChannel validates name and uniqueness (4.039333ms)
✔ dmConversationFor: null pre-DM, the conv id post-openDm, never creates (AS-8) (4.055375ms)
✔ DM is get-or-create on the normalized pair (7.058ms)
✔ posting, threads flatten to one level, reply counts (8.317542ms)
✔ lattice-events channel: only system posts top-level; threads open to all (5.336833ms)
✔ unread semantics: exactly the AC6 scenario (9.428833ms)
✔ markRead advances the watermark monotonically (9.342375ms)
✔ AS-3: markRead rejects upTo beyond the conversation max; watermark untouched (15.103ms)
✔ data survives close and reopen (restart durability) (13.683917ms)
✔ two connections interleave writes under WAL (concurrency smoke) (25.264667ms)
✔ ingestEvent is idempotent per event id (4.558292ms)
✔ dumpLines emits valid JSONL covering every table (6.648ms)
✔ AS-6: #board is invisible to non-members on every store read path (7.633125ms)
✔ AS-6: hidden probes fail byte-identically to nonexistent ones (same template, same code) (6.05325ms)
✔ AS-11: cross-conversation threadRoot rejection is type-blind and non-attributing (5.671833ms)
✔ AS-6: name collision with a hidden channel is uninformative; visible collision unchanged (5.855459ms)
✔ AS-6: createChannel supports private channels at store level, with validation (7.832209ms)
✔ AS-6: founders are re-seeded into #board on every open (lockout-proof) (6.198708ms)
✔ AS-6: lattice ingestion only ever posts to #lattice-events, never #board (4.162333ms)
✔ AS-6: v0 database migrates in place to v1, preserving all data; re-open is a no-op (9.863709ms)
✔ AS-7 sentinel: human post writes last-human-message.json; later human post overwrites (8.456208ms)
✔ AS-7 sentinel: agent and system authors (incl. ingestEvent) never touch it (5.564667ms)
✔ AS-7 sentinel: a human thread reply updates it (any human message counts) (6.671041ms)
✔ AS-7 sentinel: :memory: store never writes; a failing write never fails the post (5.631333ms)
✔ AS-13 sentinel: two stores on one data dir interleave posts without tmp collisions (16.034584ms)
✔ AS-25: onMessage fires post-commit for postMessage and ingestEvent; a subscriber throw never fails the write (5.031875ms)
✔ AS-25: visibleTo — public true, hidden channel members-only, DM members-only, unknown false (4.216583ms)
✔ AS-25: messagesSince returns the flat id-ordered delta (replies included) behind the same gate as getMessages (7.692875ms)
✔ AS-26: resolveMessage returns navigation data only, gated on visibility (8.852458ms)
✔ AS-26: resolveMessage — hidden and nonexistent targets fail byte-identically (8.018167ms)
(node:29997) ExperimentalWarning: SQLite is an experimental feature and might change at any time
(Use `node --trace-warnings ...` to show where the warning was created)
✔ stream: AS-25 — two connected clients both receive a posted message as a push frame (no GET issued) (64.224875ms)
✔ stream: AS-25 — hidden-channel parity: a non-member receives zero #board bytes (proved by ordering) (37.198541ms)
✔ stream: AS-25 — endpoint gating: unknown me is a 404 JSON envelope (no stream), missing me a 400 (10.464292ms)
✔ stream: AS-25 — lattice ingestion pushes too (single event source covers ingestEvent) (18.136708ms)
✔ stream: AS-25 — close() reaps live streams and the heartbeat; shutdown never wedges (13.873416ms)
✔ stream: AS-27 — a new lock pushes exactly one loop frame; an unchanged lock pushes none over ten polls (949.88575ms)
✔ stream: AS-85 — deploy-state churn (computedAt, lastAttempt, runningId) pushes no loop frame over ten polls; a real build change pushes exactly one (3002.184ms)
✔ stream: AS-85 — each build field earns exactly one loop frame when it alone changes: desiredId, current, reason (2831.276375ms)
✔ stream: AS-27 — loop frames reach every viewer identically (no visibility gate) (38.494875ms)
✔ stream: AS-27/AS-80 — close() clears every interval the server armed, the loop poll included (14.1675ms)
✔ stream-lanes-change-only: a rewritten snapshot pushes exactly one lanes frame; an untouched one pushes none over ten polls (954.6295ms)
✔ stream-company-change-only: each appended event pushes exactly one company frame, in file order; an untouched file pushes none (1041.597958ms)
✔ stream-company-truncation: a truncated stream is reported as a fact and the server stays up (1492.313459ms)
✔ stream-lanes-liveness-change-only: a stage event earns a lanes frame; elapsed time alone does not (2134.369041ms)
✔ stream: AS-99 — lanes frames reach every viewer identically (no visibility gate) (37.624792ms)
✔ stream: AS-81 — no on-connect frame at all: openStream rejects naming the contract AND hangs up (208.278291ms)
✔ stream: AS-81 — on-connect frames out of order: openStream rejects naming the order AND hangs up (3.011042ms)
✔ thread-modal: Escape closes only while the modal is visible (0.673708ms)
✔ thread-modal: defaultPrevented events never close (DM typeahead contract) (0.074167ms)
✔ thread-modal: only the Escape key qualifies (0.070459ms)
✔ thread-modal: click on the overlay itself is a backdrop click (0.73075ms)
✔ thread-modal: clicks inside the dialog are not backdrop clicks (0.066583ms)
✔ thread-modal: gesture down+click both on the backdrop closes (0.252333ms)
✔ thread-modal: selection drag from dialog to backdrop does NOT close (0.713709ms)
✔ thread-modal: null down-target falls back to the click-target check alone (0.097792ms)
✔ url-state: parse — every grammar production (0.974667ms)
✔ url-state: parse — junk tolerance, never throws (2.305875ms)
✔ url-state: serialize — roundtrip property for valid selections (0.295208ms)
✔ url-state: serialize — owns only c/t/m; foreign params preserved (0.130791ms)
✔ url-state: resolve — channel and dm hits (0.110875ms)
✔ url-state: resolve — oracle-safety contract: hidden === nonexistent (0.062458ms)
✔ url-state: resolve — null-safe on empty/missing inputs (0.069333ms)
﹣ AS-87 real build: the state file heartbeats through the build and deploy-*.log carries the BuildKit output (0.404292ms) # opt-in: set AS87_REAL_BUILD=1
✔ watcher-events-tick-started-shape (2.497125ms)
✔ watcher-events-timeout-closes-as-cut (1.512417ms)
✔ watcher-events-close-before-tick-ended (0.311334ms)
✔ watcher-events-timeout-closes-subagent-as-cut (0.2735ms)
✔ watcher-events-unclosed-not-completed (0.212625ms)
✔ watcher-events-error-exit-closes-as-error (0.197667ms)
✔ watcher-events-tick-ended-noop-and-no-stream (0.205542ms)
✔ watcher-events-sweep-boundary (0.31725ms)
✔ watcher-events-sweep-respects-lock (0.186458ms)
✔ watcher-events-sweep-closes-open-tick-as-error (0.267834ms)
✔ watcher-events-open-derived-from-stream (0.227458ms)
✔ watcher-events-append-failure-degrades-feed-not-tick (0.241958ms)
✔ watcher-lanes-happy-path: one snapshot row per linked worktree, main flagged and kept (3.277875ms)
✔ watcher-lanes-merged: an ancestor tip off master's first-parent chain is merged (0.276292ms)
✔ watcher-lanes-generatedAt-advances: every poll writes, even with byte-identical git output (1.077166ms)
✔ watcher-lanes-git-down: a failed worktree list is a timestamped fact, not a crash (0.248084ms)
✔ watcher-lanes-never-rejects: a git runner that THROWS is still a timestamped fact (0.153083ms)
✔ watcher-lanes-never-rejects-midway: a throw inside the row loop degrades to the error shape, never a partial list (0.153ms)
✔ watcher-lanes-row-isolation: one broken worktree never blanks its neighbours (0.2495ms)
✔ watcher-lanes-argv-pin: the status call carries --no-optional-locks, always (0.14475ms)
✔ watcher-lanes-dirty-lattice: board state on a task branch is surfaced by name (0.106792ms)
✔ watcher-lanes-unwritable: an unwritable snapshot warns once and never throws (0.197834ms)
✔ watcher-lanes-detached: a worktree with no branch is still measured, off its HEAD (0.121084ms)
✔ a-statuses: any mid-lifecycle status continues the loop (1.238209ms)
✔ a-review: a task in review alone keeps the loop alive (0.097958ms)
✔ a-terminal-only: done/cancelled/needs_human/blocked are not mid-lifecycle (0.138ms)
✔ b-ready: a ready backlog task continues the loop (0.104958ms)
✔ b-chatset-detail: chat-set membership is counted (title prefix or critical) (0.0905ms)
✔ b-not-ready-statuses: needs_human/blocked-only board is dry (0.092708ms)
✔ c-new-message: sentinel above highwater continues, ranked above mid-lifecycle (0.075542ms)
✔ c-equal-not-new: sentinel equal to highwater is not a new message (0.060167ms)
✔ c-no-highwater: a first message with no highwater is new (0.07325ms)
✔ c-single-fire: a poll fires the message OR the loop, never both (0.253791ms)
✔ c-single-fire-deploy-yield: the loop waits for a pending rebuild, but only when it owes a tick (0.05725ms)
✔ d-dry: an empty board with nothing new stops the loop (0.047583ms)
✔ e-one-continues: one unmoved HEAD continues with noProgress 1 (0.050625ms)
✔ e-two: two consecutive unmoved HEADs stop the loop even with work left (0.059458ms)
✔ e-reset: a moved HEAD resets the no-progress counter (0.038917ms)
✔ e-unknown-head: an unreadable HEAD counts as no progress (0.051208ms)
✔ f-23: the 23rd tick still continues (0.037875ms)
✔ f-24: the 24th tick hits the cap (0.0425ms)
✔ f-8h: eight hours elapsed hits the cap regardless of tick count (0.070833ms)
✔ f-limits-injectable: a caller can tighten the caps (0.061584ms)
✔ g-one: a single failed tick continues with failures 1 (0.042667ms)
✔ g-two: two failed ticks stop the loop (0.046709ms)
✔ g-timeout: a timed-out tick counts as a failure, as does a signal (0.068833ms)
✔ g-reset: a clean tick resets the failure counter (0.03575ms)
✔ g-precedence: failures stop the loop even when a new message is waiting (0.042792ms)
✔ dep-unmet-out: a backlog task with an unmet depends_on is not ready (0.061208ms)
✔ dep-met: a backlog task whose deps are done/cancelled is ready (0.065792ms)
✔ dep-missing-target: an unresolvable dependency is unmet, not ignored (0.052875ms)
✔ dep-unmet-in: an inverse "blocks" edge makes the blocked task unready (0.214541ms)
✔ reader-shape: readBoard projects the fields the predicate needs (0.099917ms)
✔ reader-unparsable: a half-written task file is skipped and counted (0.07375ms)
✔ reader-missing-dir: a missing tasks dir yields an empty board, no throw (0.060333ms)
✔ head-ref: a symbolic HEAD resolves through .git/refs (0.157375ms)
✔ head-packed: a HEAD with no loose ref falls back to packed-refs (0.143667ms)
✔ head-detached: a detached HEAD returns the sha itself (0.056208ms)
✔ head-worktree: a gitdir: pointer file is followed (0.071417ms)
✔ lock-marker: a loop tick stamps loop.ticks into the lock body, source unchanged (0.65575ms)
✔ lock-marker-absent: acquiring without the marker leaves the body exactly as it was (0.455084ms)
✔ head-unreadable: an unreadable repo yields null, never a throw (0.11575ms)
✔ f3-mirror-at-start: arming a loop mirrors it immediately, before its first tick runs (0.208584ms)
✔ f3-mirror-is-resumable: what start() writes is what resume() re-enters (0.139333ms)
✔ f1-abort-retries: an aborted loop fire keeps the debt and says so once (0.105083ms)
✔ f1-abort-bounded: a lock that never frees stops the loop with a reason the board can read (0.16125ms)
✔ f1-abort-clears-on-success: a fire that gets the lock ends the wait episode (0.097ms)
✔ f1-abort-outside-a-loop: an aborted message fire arms nothing and stops nothing (0.043917ms)
✔ f1-limit-default: the lock wait outlives both the tick timeout and the lock staleness rule (0.12025ms)
✔ f2-resume-waits-out-a-live-lock: a young lock blocks the resumed fire, once, loudly (0.18175ms)
✔ f2-resume-fires-when-the-lock-aged-out: older than a whole tick timeout is not a live tick (0.0685ms)
✔ f2-resume-fires-with-no-lock: nothing held means nothing to wait for (0.054208ms)
✔ f2-gate-is-age-not-pid: a young lock whose owner pid is long dead still blocks (0.054542ms)
✔ f2-undatable-lock-does-not-block-forever: a lock with no readable age is left to the steal rule (0.047792ms)
✔ f2-gate-is-resume-only: once the resumed loop fires its own tick, the gate is gone (0.050875ms)
✔ f2-poll-order: a held lock outranks a pending deploy, and a message outranks both (0.050875ms)
✔ f1-retry-is-quiet: the retries inside a wait episode do not re-announce the tick (0.063917ms)
✔ f3-mirror-after-every-settle: a settled tick is in the file before the next one fires (0.142667ms)
✔ f3-mirror-records-the-stop: the file says the loop ended and why (0.077708ms)
✔ f3-mirror-outside-a-loop: a tick with no loop still refreshes lastTick (0.042166ms)
✔ AS-82 makeWatcher: start() refuses to run beside a live watcher, and otherwise writes the pid file with startedAt === heartbeatAt (6.912875ms)
✔ AS-82 makeWatcher: every poll rewrites heartbeatAt — including while our own tick is running — and never touches pid/startedAt (9.927125ms)
✔ AS-82 makeWatcher: a message fires exactly one tick — lock taken with our pid/source/nonce/loop marker, highwater advanced, tick_started emitted (6.079958ms)
✔ AS-82 makeWatcher: the spawn call site passes tickArgv() and tickChildEnv() verbatim, with the settings-file grants, from the repo root (10.465291ms)
✔ AS-82 makeWatcher: settle releases the lock, then records tick_ended, then folds the tick into the loop — in that order (6.97625ms)
✔ AS-82 makeWatcher: a tick that outlives the box is SIGTERMed and settles as timedOut (156.793584ms)
✔ AS-82 makeWatcher: a fire that loses the lock spawns nothing and leaves the highwater alone (9.661125ms)
✔ AS-84 makeWatcher: shutdown clears the intervals, SIGTERMs the child and WAITS for its settle — tick_ended before exit 0 (6.000167ms)
✔ AS-84 makeWatcher: shutdown with a deploy in flight aborts it and waits for it before exiting (2.146917ms)
✔ AS-84 makeWatcher: shutdown never releases a lock it does not own — a deploy-source lock survives (2.425166ms)
✔ AS-84 makeWatcher: the shutdown grace is a bound — a child that ignores SIGTERM is SIGKILLed and we still exit 0 (15.375667ms)
✔ AS-84 makeWatcher: the shutdown grace bounds the deploy child too — a build that ignores SIGTERM is SIGKILLed and we still exit 0 (13.133584ms)
✔ AS-84 makeWatcher: deployPoll() survives a rejecting evaluate — no unhandled rejection, one ERROR line (2.704709ms)
✔ AS-82 makeWatcher: a spawn error settles the tick and frees the lock (4.439792ms)
✔ AS-92 makeWatcher: fire() spawns the tick with the prepended PATH and logs TICK-PATH (4.476167ms)
✔ AS-88 makeWatcher: deploys to the production project — start() without injected deploy ops builds them with PRODUCTION_COMPOSE_PROJECT (1.924542ms)
✔ AS-82 entry point: the real process heartbeats on its own interval against a temp data dir, and SIGTERM removes the pid file with exit 0 (107.323291ms)
✔ AS-84 entry point: SIGTERM mid-build terminates the compose child, leaves no lock, records the abort, exits 0 (927.2045ms)
✔ AS-84 entry point: a build that ignores SIGTERM is SIGKILLed at grace expiry — no orphan, no deploy lock, exit 0 (1201.792208ms)
✔ AS-92 real process: a child given the thin PATH plus the watcher's prepend can run docker and gh; without the prepend it cannot (184.48575ms)
✔ decide: missing or unparsable sentinel is a noop (0.743583ms)
✔ decide: sentinel at or below highwater is a noop (already fired) (1.004333ms)
✔ decide: first advance arms a 15s trailing window; further advances never extend it (0.124542ms)
✔ decide: two advances inside one window collapse to one fire at the latest messageId (0.123417ms)
✔ decide: expired window with a fresh foreign lock skips, then fires once the lock clears (0.143166ms)
✔ decide: stale locks (dead pid / age) are fired over, not respected (0.105792ms)
✔ decide: missed-while-down recovery fires exactly once from persisted state (0.1005ms)
✔ isLockStale: fresh, dead-pid, over-age, and unparsable startedAt (0.424958ms)
✔ makeLockOps: clean acquire creates the lock with our pid; release removes it (1.116917ms)
✔ makeLockOps: fresh foreign lock is respected — acquire false, file untouched (0.683042ms)
✔ makeLockOps: stale locks (dead pid / old startedAt / unparsable) are stolen; verify passes (3.119084ms)
✔ makeLockOps: foreign overwrite between create and verify yields without unlink (0.921667ms)
✔ AS-84 makeLockOps: release is by pid AND source — a deploy-source instance leaves a watcher-source lock alone, and vice versa (1.088291ms)
✔ AS-84 makeLockOps: verify-after-create requires our nonce, not just our pid (0.857333ms)
✔ tickChildEnv: pins exactly {PATH, HOME, USER, LOGNAME, ADVANCE_TICK_PARENT} — no more, no less (0.293375ms)
✔ AS-92 tickPathPrepend: a thin PATH gains the docker and gh directories, docker first (0.210167ms)
✔ AS-92 tickPathPrepend: directories already on PATH are reported present, never repeated, and PATH is not reordered (0.077458ms)
✔ AS-92 tickPathPrepend: ADVANCE_TICK_PATH_EXTRA goes first, splits on ':', drops empties, de-duplicates (0.070375ms)
✔ AS-92 tickPathPrepend / tickChildEnv: nothing resolvable passes PATH through verbatim (0.092667ms)
✔ AS-92 resolveGhBin: override, override-missing (no fall-through), candidates in order, not-found; GH_CANDIDATES pinned (0.127542ms)
✔ tickArgv: pins the exact spawn argv — marker rides as the /advance prompt argument (0.113709ms)
✔ tickArgv: injected rules append --allowedTools/--disallowedTools, each rule its own element, denies last (0.067542ms)
✔ loadPermissionRules: valid settings file yields exact {allow, deny} from one parse (0.659375ms)
✔ loadPermissionRules: missing file, malformed JSON, and non-object JSON all yield null (1.757625ms)
✔ loadPermissionRules: absent/partial permissions default to empty lists; non-strings filtered (1.447834ms)
✔ loadPermissionRules -> tickArgv composition: force-push denies ride as trailing argv elements whenever allows do (0.692125ms)
✔ fireNonce: 16 lowercase hex chars (64 bits), fresh per call (0.359417ms)
✔ nonce threading: one fire's nonce is identical across lock body, argv marker, and env marker (0.773375ms)
✔ config: defaults match the plan; env overrides apply; junk env falls back (0.358541ms)
✔ writeWatcherPid: atomic {pid, startedAt, heartbeatAt}; heartbeats advance without losing startedAt (0.903708ms)
✔ AS-75 resolveDockerBin: an override that does not exist is loud, never a fall-through (0.107542ms)
✔ AS-75 resolveGitBin: absolute when it exists, bare name otherwise, override always wins (0.050041ms)
✔ AS-75 parseLsTree: a short input set is a refusal, and the digest ignores git output order (0.484167ms)
✔ AS-86 classifyImagePaths: strays are named, roots cover their children, and names are not prefixes (0.136042ms)
✔ AS-75 watchSourceDigest: order-independent, content-sensitive, and name-boundary safe (0.143ms)
✔ AS-75 pruneLogs: tick and deploy logs share one retention rule (1.0225ms)
✔ AS-75 decideDeploy: every rule in the table, in the table's order (0.180541ms)
✔ AS-75 decideDeploy: the cooldown suppresses only a repeat of a FAILED attempt at the SAME id (0.054417ms)
✔ AS-75 decideDeploy: an unreadable running id is not-current, never accidentally current (0.0675ms)
✔ AS-95 makeDeployOps: pendingDeploy() answers "a rebuild is owed and can run", and never blocks the loop forever (3.589166ms)
✔ AS-75 makeDeployOps: a stale container is rebuilt with the right env, and success means the RUNNING id changed (1.651083ms)
✔ AS-75 makeDeployOps: exit code 0 with a mismatched re-probe is a FAILURE, not a success (2.890125ms)
✔ AS-75 makeDeployOps: a deploy takes advance.lock with source "deploy" for its duration (1.286625ms)
✔ AS-75 makeDeployOps: a fresh foreign lock yields noop/busy and spawns nothing (2.708333ms)
✔ AS-75 makeDeployOps: a dirty image-input tree refuses, and a broken git refuses differently (1.673583ms)
✔ AS-75 makeDeployOps: no docker binary is a refusal that names the remedy, not a crash (0.811417ms)
✔ AS-75 makeDeployOps: a watcher-source change exits 70 and leaves the pid file alone (3.396125ms)
✔ AS-75 makeDeployOps: deploy-state.json is written on every poll, atomically, for the server to read (1.533583ms)
✔ AS-84 makeDeployOps: lastAttempt is hydrated from deploy-state.json — a failed attempt at the desired id, inside the cooldown, refuses without building (1.880916ms)
✔ AS-84 makeDeployOps: an interrupted attempt ('started' on disk) counts as a failure for the cooldown (8.03175ms)
✔ AS-84 makeDeployOps: the 'started' record is on disk before compose is spawned (1.8145ms)
✔ AS-84 makeDeployOps: abort() signals the running build, records an abort rather than a failure, and gives the lock back (14.406834ms)
✔ AS-84 makeDeployOps: abort() while idle resolves immediately and touches nothing (0.478542ms)
✔ AS-84 makeDeployOps: evaluate() never rejects — a throwing collaborator becomes {noop, error}, persisted, logged once (1.074417ms)
✔ AS-84 runDockerCompose: a compose log stream error is logged, not thrown — the build still resolves (0.935334ms)
✔ AS-87 evaluate heartbeats while deploying: every poll during a build rewrites deploy-state.json with a fresh computedAt and reason "deploying" (2.890834ms)
✔ AS-87 runDockerCompose argv: compose is spawned with --progress plain, never quiet (0.271125ms)
✔ AS-88 runDockerCompose names the caller's project: -p carries composeProject, not a literal (0.151625ms)
✔ AS-88 runDockerCompose refuses an implicit project: no composeProject -> throws before opening the log or spawning (0.304625ms)
✔ AS-88 performDeploy passes composeProject through to deploy() and names it in the DEPLOY building line (1.164458ms)
✔ AS-88 makeDeployOps refuses a COMPOSE_PROJECT_NAME the scrub would discard (AS-75 review F8) (0.514917ms)
✔ AS-88 makeDeployOps accepts an agreeing or empty COMPOSE_PROJECT_NAME (1.749042ms)
✔ AS-88 makeDeployOps requires composeProject: no default, throws at construction (1.15625ms)
ℹ tests 555
ℹ suites 0
ℹ pass 554
ℹ fail 0
ℹ cancelled 0
ℹ skipped 1
ℹ todo 0
ℹ duration_ms 13782.156917
