(node:27717) ExperimentalWarning: SQLite is an experimental feature and might change at any time
(Use `node --trace-warnings ...` to show where the warning was created)
✔ api: identities, CSP header, static page (52.451583ms)
✔ api: startup ingestion fills lattice-events; channel guarded from non-system posts (28.6315ms)
✔ api: channels, messages, threads, refs, unread, read watermark (33.421333ms)
✔ api: AS-3 — POST /api/read with over-max upTo is 400 and moves nothing (21.307541ms)
✔ api: task resolution endpoint and clear 4xx errors (17.833833ms)
✔ api: AS-6 — #board is hidden from non-members, byte-identically to nonexistent (26.40075ms)
✔ api: AS-11 — cross-conversation threadRoot rejection is type-blind over HTTP (21.235375ms)
✔ api: AS-9 — url-state.js is served; query string never affects static routing (12.953459ms)
✔ api: AS-17 — scroll.js is served (app.js module graph must not 404) (14.153042ms)
✔ api: AS-19 — thread-modal.js is served; index.html ships the modal, not the sidebar (9.68725ms)
✔ api: AS-23 — served page and CSS carry the mobile layout artifacts (11.105666ms)
✔ api: AS-8 — roster joins personnel, lattice work status, and DM state (17.604958ms)
✔ api: AS-8 — roster degrades to empty when personnel/ is absent (4.776375ms)
✔ api: AS-24 — POST /api/channels honors visibility/members; members-without-private is a store-level 400 (14.616333ms)
✔ api: AS-24 — POST /api/catchup marks everything read (21.322041ms)
✔ api: AS-24 — POST /api/sync ingests new lattice events immediately (no 10s throttle) (27.561541ms)
✔ api: AS-24 — GET /api/messages honors ?limit= (CLI history --limit parity) (15.961083ms)
✔ api: AS-24 — GET /api/dump and /api/export are byte-faithful to the store (18.044667ms)
✔ api: malformed JSON body is a 400 with a clear message (11.887709ms)
✔ api: AS-25 — GET /api/messages?since= returns the flat delta; hidden-channel parity holds for since= (34.50125ms)
✔ api: AS-25 — live.js is served (app.js module graph must not 404); the 5s poll is retired (10.029041ms)
✔ api: AS-72 — app.js schedules exactly two intervals (balanced-paren scan): one >=30s reconcile, one render-only tick (8.879541ms)
✔ api: AS-18 — dm-sort.js is served (app.js module graph must not 404) (8.877417ms)
✔ api: AS-26 — msg-refs.js and markdown.js are served; index.html ships the file modal (17.420958ms)
✔ api: AS-26 — GET /api/message/<id> resolves navigation data; hidden = nonexistent byte-identically (18.697167ms)
✔ api: AS-26 — GET /api/file serves allowlisted repo markdown; every probe 404s byte-identically (34.124958ms)
✔ api: AS-61 — GET /api/file refuses hard links (nlink > 1) byte-identically, and .claude/ stays unreachable by name (18.462375ms)
✔ api: AS-54 — served app.js autolinks through markdown.js and never inside a markdown link (10.299667ms)
✔ api: AS-33 — /api/org reports violations from the fixture root (17.975459ms)
✔ api: AS-33 — /api/org degrades to empty on a root with no personnel/ (7.66325ms)
✔ api: AS-33 — /api/roster keeps its envelope while gaining the reporting edge (13.863167ms)
✔ api: AS-33 — org-chart.js is served, imported, and holds the no-innerHTML line (14.578917ms)
✔ api: AS-33 — index.html ships the org chart control and modal skeleton (9.895209ms)
✔ api: AS-33 — check-org --json matches GET /api/org for the same root (69.701459ms)
✔ api: AS-32 — served app.js renders the roster title through el() and shows title alone (30.290708ms)
✔ api: AS-32 — style.css truncates the roster title to one line (7.465125ms)
✔ api: AS-74 — served app.js keeps the org chart node label as title · class · team (the other half of the AS-32 divergence) (11.191334ms)
✔ api: AS-74 — every served public/ module is free of markup sinks (12 examined) (20.040542ms)
✔ api: AS-28 — /favicon.svg is served with the SVG content type (6.537208ms)
✔ api: AS-28 — index.html links the favicon (9.379667ms)
✔ api: AS-28 — the favicon uses only palette hex values (11.71975ms)
✔ api: AS-27 — GET /api/loop-status reports each of the four states from its own file configuration (15.965333ms)
✔ api: AS-95 — a watcher loop is observable over /api/loop-status, with its tick count and its stop reason (32.3825ms)
✔ api: AS-27 — the AS-16 nonce never leaves the server, and malformed files never 500 (13.838375ms)
✔ api: AS-27 — a pre-AS-27 watcher pid file (no heartbeatAt) reads as off, honestly (13.219541ms)
✔ api: AS-27 — loop-status.js is served and imported; the production poll cadence is 2s (9.693917ms)
✔ api: AS-75 — GET /api/build reports the baked id, and "unknown"/absent as not-an-id (34.286417ms)
✔ api: AS-75 — /api/loop-status carries build, and current is null (never false) whenever we cannot know (18.101125ms)
✔ api: AS-75 — a malformed deploy-state.json never throws and never changes state (11.45925ms)
✔ api: AS-75 — composeBuild is pure and tri-state at the unit level (0.238209ms)
✔ api: AS-87 — composeBuild passes 'deploying' through when fresh, and still overrides to stale-state when not (0.088459ms)
✔ api: AS-93 — /api/config exposes exactly the dashboard override; dashboard-link.js is served, imported, and pure (12.409292ms)
✔ api: AS-93 — all four dashboard link sites go through the helper (4 examined, 4 covered) (8.018541ms)
✔ api: AS-99 — GET /api/lanes joins the watcher snapshot to the live board (7.83875ms)
✔ api: AS-99 — api-lanes-stale-boundary: age comes from generatedAt, never the file mtime (9.531667ms)
✔ api: AS-99 — every degraded feed is a named reason, never a short list (14.883167ms)
✔ api: AS-99 — api-lanes-git-error-badge: a refused git enumeration reaches the board as a dash, not a zero (9.1595ms)
✔ api: AS-99 — api-lanes-key-whitelist: the payload carries no field the contract does not name (7.70875ms)
✔ api: AS-99 — /lanes.js is served, and the client edges are real (6.449542ms)
✔ api: AS-99 — LANES_POLL_MS is the pinned production cadence (0.222417ms)
✔ api-events-since-exclusive: AS-100 — /api/events filters by since, task and limit, and reports its own stream reason (12.11675ms)
✔ api-events-key-whitelist: AS-100 — a line that grew a field reaches no reader (7.237375ms)
✔ api: AS-100 — EVENTS_POLL_MS is the pinned production cadence (0.211541ms)
(node:27718) ExperimentalWarning: SQLite is an experimental feature and might change at any time
(Use `node --trace-warnings ...` to show where the warning was created)
✔ cli: chat channels never lists #board for a non-member; members see it (284.749666ms)
✔ cli: hidden probes fail string-identically to nonexistent ones (modulo the echoed name) (533.291791ms)
✔ cli: inbox and catchup never touch #board for a non-member (179.19325ms)
✔ cli: create-channel collision on the hidden name is uninformative (97.632125ms)
✔ cli: roster prints the active company roster with work status (AS-8) (191.662834ms)
✔ cli: direct mode reconciles identities — a dossier-only hire can post with no prior register (AS-89 AC-7) (93.750292ms)
✔ cli: members use #board normally (post, history, reply, read) (183.204708ms)
✔ cli: AS-3 — history/read/reply on a nonexistent DM never create a row (230.689917ms)
✔ cli: AS-3 — DM read-path error quality is preserved (typo, self-DM) (96.889792ms)
✔ cli: AS-22 acceptance — five-seat private #bizdev is created, usable by members, invisible to others (597.343292ms)
✔ cli: AS-22 — --members without --visibility private is a usage error (155.302125ms)
✔ cli: AS-22 — store validation errors pass through unchanged (196.425458ms)
✔ cli: AS-22 — flagged create on a hidden name stays uninformative (oracle regression) (49.997917ms)
✔ cli: AS-22 — flagless public create-channel is unchanged, including --json shape (143.739625ms)
✔ cli: AS-3 — chat dm still creates the conversation and posts (regression guard) (148.276458ms)
✔ dashboard-link: AS-93 — a tailnet page links to the same host on :8443 (0.461042ms)
✔ dashboard-link: AS-93 — a loopback page links to :8799 (all four loopback spellings) (0.100958ms)
✔ dashboard-link: AS-93 — fails closed: the href host is ALWAYS the page host, never a loopback fallback (0.193208ms)
✔ dashboard-link: AS-93 — an explicit override wins; blank and non-http overrides fall back to inference (2.028ms)
✔ dashboard-link: AS-93 — a blank page hostname yields a host-less link, never a loopback one (0.094041ms)
✔ AS-86 deploy-inputs-git: a committed change to .dockerignore changes the desired id (520.556333ms)
✔ AS-86 deploy-inputs-git: a stray compose.override.yaml is rejected by the classifier (315.754042ms)
✔ deploy-shape: parser sees the manifests it is about to assert on (0.896167ms)
✔ deploy-shape: PRODUCTION_COMPOSE_PROJECT is the `name:` compose.yaml declares (0.692542ms)
✔ deploy-shape: /api/file reaches every repo markdown path the app links (0.304375ms)
✔ deploy-shape: the repo mount is the whole checkout, read-only (0.20025ms)
✔ deploy-shape: cli keeps its lattice + personnel reads; test service stays mountless (0.201334ms)
✔ deploy-shape: IMAGE_INPUTS is exactly the set the Dockerfile COPYs (0.516666ms)
✔ deploy-shape: the COPY parser throws on forms it does not understand (0.326042ms)
✔ deploy-shape: .dockerignore is an image input and hides no manifest (0.171542ms)
✔ deploy-shape: the .dockerignore parser throws on forms it does not understand (0.144083ms)
✔ deploy-shape: every tracked path under apps/chat is an image input or declared not one (63.284666ms)
✔ deploy-shape: the server image is stamped with the build id the deployer computes (0.347167ms)
✔ deploy-shape: `up -d --build` starts the server alone — cli and test stay behind the tools profile (0.086667ms)
✔ dm-sort: teamPrefix — agent, human, system, multi-hyphen, no-hyphen (0.49425ms)
✔ dm-sort: teamPrefix — malformed input degrades to empty string (0.08175ms)
✔ dm-sort: rosterOrder — no pins: prefix groups lexicographic, name tie-break (12.26125ms)
✔ dm-sort: rosterOrder — pinned float to top, comparator-sorted within tiers (0.117417ms)
✔ dm-sort: rosterOrder — pins referencing absent ids are ignored (0.093583ms)
✔ dm-sort: rosterOrder — never mutates input; junk degrades to [] (0.099125ms)
✔ dm-sort: dmOrder — sorts by other-member prefix, then display name; no pins (0.125917ms)
✔ dm-sort: dmOrder — stable over identical keys (0.072708ms)
✔ dm-sort: togglePin — add, remove, dedupe, input untouched (0.094ms)
✔ dm-sort: sanitizePins — arrays keep string members deduped; junk -> [] (0.133708ms)
✔ events-cli-creates-dir (53.485917ms)
✔ events-cli-rejects-cut (370.764917ms)
✔ events-cli-unresolved-task-still-emits (95.235958ms)
✔ events-cli-open-and-tail (300.452292ms)
✔ events-envelope-keys (3.718042ms)
✔ lattice-events-share-parser (1.66ms)
✔ events-id-monotonic (3.586917ms)
✔ events-append-only (0.485875ms)
✔ events-no-truncating-path (0.624125ms)
✔ events-make-validates (0.304541ms)
✔ watcher-events-outcome-timeout (0.136334ms)
✔ events-open-derived-from-stream (0.31625ms)
✔ events-liveness-bound (0.1855ms)
✔ events-liveness-shapes (0.33725ms)
✔ events-fold-incremental-equals-batch (0.257625ms)
✔ events-project-whitelists-keys (0.237542ms)
✔ events-read-stream-reasons (0.198917ms)
(node:27725) ExperimentalWarning: SQLite is an experimental feature and might change at any time
(Use `node --trace-warnings ...` to show where the warning was created)
✔ export round-trips the messages table faithfully (13.008417ms)
✔ export is deterministic and ignores read_state churn (6.241375ms)
✔ export is append-only: prior files are strict prefixes after new messages (5.197958ms)
✔ DM filenames use the ~ scheme, are safe, and never collide (4.458625ms)
✔ cli: chat export writes files, prints summary, and re-runs byte-identically (189.123084ms)
✔ AS-6: #board never produces an export file, even with messages in it (6.068ms)
✔ AS-6: the export header line format is unchanged (no visibility key) (3.311042ms)
✔ AS-6: interleaved board traffic never perturbs public export files (4.518375ms)
✔ cli: AS-6 — chat export skips #board: no file, no counts, still byte-identical on re-run (122.906791ms)
✔ AS-91: a DM with a human participant produces no export file; the sibling agent-agent DM still does (7.589ms)
✔ AS-91: any human identity is excluded, not just human:forrest (human-second and human-first keys) (7.684833ms)
✔ cli: AS-91 — chat export skips human DMs: no file, no counts, still byte-identical on re-run (146.597084ms)
✔ cli: AS-3 — history on a nonexistent DM adds no export file (187.703375ms)
(node:27736) ExperimentalWarning: SQLite is an experimental feature and might change at any time
(Use `node --trace-warnings ...` to show where the warning was created)
✔ identities: every active dossier is registered before the server accepts requests (AC-1, AC-9) (40.260125ms)
✔ identities: a new dossier with no identity can post without anyone registering it (AC-2) (33.077042ms)
chat: identity reconciliation skipped 1 dossier(s): agent:blank-name (displayName must be a non-empty string.)
✔ identities: departed dossiers are not registered (AC-3) (10.8725ms)
✔ identities: an existing identity with a drifted display name is left as-is (AC-4) (15.962ms)
✔ identities: a dossier registerIdentity rejects is skipped and reported; the server still boots (AC-5) (19.881958ms)
✔ identities: missing personnel/ dir reconciles nothing and the server is up (AC-6, AS-8 contract) (9.332459ms)
✔ identities: reconciliation is idempotent across two boots on one DB (AC-8) (12.929084ms)
✔ lanes-label-null-is-dash: an unanswered fetch is a dash, never a zero (3.440666ms)
✔ lanes-label-reason-table: every snapshot reason has a sentence, and no sentence is orphaned (0.849417ms)
✔ lanes-label-git-error-is-not-a-measured-zero: git refusing is not "nothing in flight" (0.2205ms)
✔ lanes-label-empty-state-table: every reason has its own empty-state sentence, and only `ok` claims a measurement (0.157417ms)
✔ lanes-label-stale-caption: a stale snapshot says so, in age and in words (0.239041ms)
✔ lanes-label-task-only-not-cut-yet: a lane with no branch never reads 0 or clean (0.351709ms)
✔ lanes-label-card-fields: a worktree lane renders all eight durable fields in words (2.240542ms)
✔ lanes-label-employee-disagreement-is-shown: two identities, assignee first (0.188625ms)
✔ lanes-label-dirty-lattice-and-errors: the two-plane violation and a failed git call are said out loud (0.187541ms)
✔ lanes-label-unknown-task-and-detached: a lane with no join still renders a card (0.163292ms)
✔ lanes-label-stale-badge-says-why: the STALE flag is never a bare word (0.14375ms)
✔ lanes-label-tick-line-is-whole-company: the liveness line refuses to imply per-lane (0.114333ms)
✔ lanes-label-activity-has-no-producer-yet: blank, live and decayed at the 15 s boundary (0.088625ms)
✔ lanes-label-events-reason-table: every stream reason has a sentence, and no sentence is orphaned (0.160458ms)
✔ lanes-label-outcome-tables: every stage outcome and sub-agent exit has a sentence (0.108709ms)
✔ lanes-label-no-stream-fills-both-slots: the missing input is named, not blanked (0.092916ms)
✔ lanes-label-stale-open-not-running: an expired tick box is never reported as running (0.237375ms)
✔ lanes-label-live-counts-up-and-ended-says-its-outcome (0.113917ms)
✔ lanes-parse-detached: main + linked + detached rows parse to three rows (2.656666ms)
✔ lanes-parse-tolerant: a record missing HEAD is a row with an error, never a throw (0.181125ms)
✔ lanes-parse-trailer: the final record survives a missing trailing blank line (0.089ms)
✔ lanes-relpath: the absolute host path is stripped to a repo-relative one (0.445541ms)
✔ lanes-relpath-outside-repo: a worktree outside the root is marked, never carried as a host path (0.171ms)
✔ lanes-status-summary: dirty count, and .lattice dirt called out by name (0.208334ms)
✔ lanes-merged-fresh-branch-is-not-merged: all three facts are needed (0.076375ms)
✔ lanes-compose-shape: a joined lane carries exactly the projection keys (2.08325ms)
✔ lanes-compose-unknown-task-kept: N worktree rows in, N worktree lanes out (7.913209ms)
✔ lanes-compose-link-beats-name: an explicit branch-link wins over a parsed short code (0.181958ms)
✔ lanes-compose-branch-name-fallback: no link, so the short code in the name joins (0.205917ms)
✔ lanes-compose-task-only-membership: mid-lifecycle without a worktree is a lane; a queue is not (0.192125ms)
✔ lanes-compose-task-only-with-worktree: needs_human WITH a worktree is a lane (0.086916ms)
✔ lanes-compose-no-double-count: a mid-lifecycle task joined to a worktree yields ONE lane (0.084208ms)
✔ lanes-compose-order: worktree lanes by path, then task-only lanes by short id (0.131792ms)
✔ lanes-stale-reasons: done, cancelled and merged each flag; a live lane does not (0.180666ms)
✔ lanes-employee-both-fields: assignee and git author are never merged (0.102917ms)
✔ lanes-stale-boundary: the boundary is LANES_STALE_MS, taken from generatedAt (0.101459ms)
✔ lanes-degradation: every unreadable feed is a named reason, never a short list (0.172042ms)
✔ lanes-compose-tolerant: hostile and half-written rows never throw (0.113708ms)
✔ lanes-liveness-shape-unchanged (0.147041ms)
(node:27749) ExperimentalWarning: SQLite is an experimental feature and might change at any time
(Use `node --trace-warnings ...` to show where the warning was created)
✔ resolveShortId resolves existing tasks and flags missing ones (1.163208ms)
✔ dashboardTaskUrl: default base, env override, trailing-slash trim (AS-10) (0.63725ms)
✔ resolveRefs extracts unique refs; unresolvable codes are flagged, not dropped (0.640875ms)
✔ readTaskEvents: per-task files only, ordered by ts, malformed lines skipped (0.538917ms)
✔ formatEvent formats creations and transitions; truncates long titles (1.592333ms)
✔ assignmentsByActor: in-flight only, priority ranking, recency tie-break (AS-8) (9.174292ms)
✔ assignmentsByActor: missing tasks dir yields an empty map (0.683209ms)
✔ assignmentsByActor: prototype-chain status "constructor" is not in-flight (AS-12) (2.311625ms)
✔ assignmentsByActor: assigned_to "__proto__" is a safe own key, no throw (AS-12) (2.071833ms)
✔ ingestNewEvents is idempotent: five runs post each event exactly once (T6) (18.052041ms)
✔ launchd: AS-94 — every plist template under watch/ renders clean and carries the common job shape (6.810916ms)
✔ launchd: AS-94 — the dashboard job binds loopback :8799 from the repo root, exactly (0.283083ms)
✔ launchd: AS-94 — the README install recipe substitutes exactly each template's placeholders (1.241375ms)
✔ launchd: AS-94 — the plist reader throws on forms it does not understand (0.5455ms)
✔ link-sites: AS-98 — every href in public/*.js comes from an allowlisted source (12 files, 9 assignments examined) (3.404042ms)
✔ link-sites: AS-98 — no file in public/*.js sets href by any mechanism other than a .href = assignment (2.381375ms)
✔ link-sites: AS-98 — no file in public/*.js reads the server-baked url field (member or bracket access) (1.368458ms)
✔ link-sites: AS-98 — the classifier itself rejects every known evasion spelling and accepts every allowed one (0.247792ms)
✔ AS-25 live: maxLoadedId spans top-level messages and thread replies; 0 when empty (0.539084ms)
✔ AS-25 live: top-level merge — appends id-ordered, normalizes replyCount, dedupes by id (0.506791ms)
✔ AS-25 live: reply merge — appends to threads[root], bumps loaded root replyCount exactly once (0.129958ms)
✔ AS-25 live: catch-up idempotency — replaying the same delta changes nothing (1.424042ms)
✔ AS-27 label: the four states produce four distinct tones and labels (0.939708ms)
✔ AS-27 label: detail carries the evidence — ages, pid, and the source (0.227167ms)
✔ AS-27 label: a stale lock names its source and says stale, without becoming a tick (0.13075ms)
✔ AS-27 label: the no-heartbeat watcher yields the off tone and names the restart (0.223834ms)
✔ AS-27 label: the between-ticks gap is described as a limit, not hidden (0.125167ms)
✔ AS-27 label: an unavailable status degrades to off/unavailable, never a throw (0.083959ms)
✔ AS-75 label: exactly one build sentence, distinct per case, silent when current (0.205417ms)
✔ AS-75 label: every build reason has prose, and null is never rendered as behind (0.220583ms)
✔ AS-87 label: "deploying" says a rebuild is running now and points at the build log (0.09125ms)
✔ AS-75 label: a deploy holds the lock and says so — "Tick in flight · deploy" (0.120375ms)
✔ AS-95 label: a watcher loop is "Loop active · watcher, tick N", and the count comes from the lock first (0.122625ms)
✔ AS-95 label: a stopped loop says WHY, in words, and only while no loop is running (0.154458ms)
✔ AS-95 label: an absent or malformed loop key changes nothing (pre-AS-95 server parity) (0.107791ms)
✔ AS-75 label: an absent or malformed build key changes nothing (0.065ms)
✔ f5-between-ticks-label: the gap between loop ticks reads as a loop, and says it is a gap (1.266166ms)
✔ f5-idle-keeps-its-own-words: a session loop between ticks still gets C5’s explanation (0.2465ms)
✔ AS-27 loop-status: the four states, each from the inputs that produce it (2.689917ms)
✔ AS-27 loop-status: staleness boundary is the watcher's, not a second comparison (0.991792ms)
✔ AS-27 loop-status: watcher freshness window is WATCHER_STALE_MS (12 watcher polls) (0.128583ms)
✔ AS-27 loop-status: malformed lock and pid files degrade to a reason, never a throw (0.259083ms)
✔ AS-27 loop-status: the AS-16 nonce is never copied into the derived object (0.162541ms)
✔ AS-27 loop-status: a startedAt in the future (host clock skew) reads as age 0, never negative (0.088875ms)
✔ AS-95 loop-status: a watcher tick inside a loop derives state watcher-loop, from either witness alone (0.13775ms)
✔ AS-95 loop-status: watcher-loop never displaces the states that already existed (0.092917ms)
✔ f5-between-ticks: a live loop between its ticks is a loop, not idle (0.0805ms)
✔ f5-needs-a-live-watcher: an active mirror with a dead watcher is off, never a loop (0.118958ms)
✔ f5-does-not-touch-the-lock-states: a fresh lock still decides who holds it (0.08675ms)
✔ AS-95 loop-status: lastLoop survives a stopped loop, and a garbage loop file degrades to null (0.138417ms)
✔ inline: strong, em (both delimiters), code, link — delimiters dropped from inner (1.687458ms)
✔ inline: mixed body tokenizes in order with text between (0.107041ms)
✔ inline: javascript: and other non-http schemes stay literal (edge case 16) (0.123ms)
✔ inline: false positives stay literal (edge case 14) (0.077792ms)
✔ inline: code has precedence — styling never fires inside a code span (0.079958ms)
✔ inline: refs inside styling keep their text for the per-leaf ref passes (edge case 15) (0.06025ms)
✔ inline: single level — inner is not re-tokenized by the caller contract (0.064541ms)
✔ inline: junk-tolerant on non-strings and empty input (0.059ms)
✔ blocks: headings, fenced code, paragraphs on blank lines, list lines stay plain (0.255625ms)
✔ blocks: unclosed fence runs to EOF; ####### is a paragraph, not a heading (0.139291ms)
✔ urls: bare http/https autolink — the corpus cases from chat history (0.511916ms)
✔ urls: trailing sentence punctuation stays literal text (0.748166ms)
✔ urls: closing brackets belong to the URL only when balanced (0.235042ms)
✔ urls: scheme allowlist — non-http(s) schemes never produce a url token (0.087375ms)
✔ urls: scheme parity — bare URLs and markdown links accept the same schemes (0.114916ms)
✔ urls: href is a verbatim source slice; round-trip holds over a fuzz corpus (73.831334ms)
✔ urls: AS-72 — a trailing en dash / em dash / ellipsis is prose; mid-URL it is not (D3) (0.142833ms)
✔ urls: AS-72 — no invisible format (Cf) code point enters an href (D4) (9.5285ms)
✔ urls: pass order — refs inside a URL are never linkified; refs outside still are (0.585875ms)
✔ urls: junk-tolerant on non-strings and empty input (0.062666ms)
(node:27780) ExperimentalWarning: SQLite is an experimental feature and might change at any time
(Use `node --trace-warnings ...` to show where the warning was created)
✔ mode: AS-83 — a failed CLI exit is reported with status, signal, elapsed ms, stderr and stdout (0.609583ms)
✔ mode: AS-24 — API-mode writes land in the server view; no DB file is ever created (520.044333ms)
✔ mode: AS-24 — probe timeout (something listening, not answering) refuses loudly, zero side effects (3062.300208ms)
✔ mode: AS-83 — a live server that answers slower than the probe budget is refused as ambiguous (the flake signature) (110.156625ms)
✔ mode: AS-83 — the same slow server inside the budget is up: the write lands in the server view, no DB touched (423.745917ms)
✔ mode: AS-83 — CHAT_PROBE_TIMEOUT_MS must be a positive integer of milliseconds; anything else is a usage error on every path (149.081084ms)
✔ mode: AS-24 — squatted port (wrong-shaped JSON) refuses loudly, zero side effects (52.176667ms)
✔ mode: AS-24 — hard connection-refused falls back to direct mode against CHAT_DB (64.403ms)
✔ mode: AS-24 — CHAT_MODE=direct skips the probe entirely (poisoned CHAT_API never contacted) (46.82925ms)
✔ mode: AS-24 — CHAT_MODE=api with a down server is a loud exit 1 (47.122125ms)
✔ mode: AS-24 — invalid CHAT_MODE is a usage error (33.397292ms)
✔ mode: AS-24 — full command sweep in API mode (no DB file, direct-mode shapes) (2622.479958ms)
✔ mode: AS-24 — CHAT_DB alone (rule 4) stays direct with no probe: the suite is hermetic (54.50075ms)
✔ msg-refs: single reference, keyword variants, optional # (1.7985ms)
✔ msg-refs: list idioms yield one token per number (edge case 8) (0.153959ms)
✔ msg-refs: list consumption stops at the first non-integer (0.081125ms)
✔ msg-refs: AS-n adjacency — task codes never feed msg refs (edge case 7) (0.109666ms)
✔ msg-refs: bare numbers without a keyword never match (0.074708ms)
✔ msg-refs: ids must be positive safe integers (0.085916ms)
✔ msg-refs: multiple separate references in one body (0.060125ms)
✔ msg-refs: junk-tolerant on non-strings and empty input (0.05275ms)
✔ file-refs: bare filenames, nested paths, and .lattice paths match (0.273416ms)
✔ file-refs: trailing punctuation and backtick context stay outside the token (0.134875ms)
✔ file-refs: traversal, absolute, dot-leading, and non-md candidates stay literal (0.129959ms)
✔ file-refs: multiple refs in one body, junk-tolerant input (0.075833ms)
✔ org: the module is pure — no imports, no fs, no fetch, no DOM, no clock (1.068791ms)
✔ org: ORG_RULES is exactly the nine documented codes (0.431125ms)
✔ org: orphan_reports_to fires on an edge pointing at no dossier (0.300584ms)
✔ org: orphan_reports_to names a departed manager as the reason (0.091083ms)
✔ org: orphan_reports_to names an invalid status, not departed, when that is the reason (0.141875ms)
✔ org: validateOrg tolerates a null roster entry, as buildOrgTree does (0.17425ms)
✔ org: missing_reports_to fires on an empty reporting line (0.078542ms)
✔ org: reporting_cycle fires once per cycle and returns (0.169292ms)
✔ org: reports_to_ic fires when a manager is class ic (0.085833ms)
✔ org: reports_to_ic does not fire for cofounder, c-level or manager (0.124709ms)
✔ org: unparsed_dossier fires on fenced-but-broken dossiers and spares README.md (14.108291ms)
✔ org: duplicate_actor_id fires when two files declare one identity (0.135542ms)
✔ org: invalid_class fires on a class outside the four (0.065208ms)
✔ org: invalid_status fires on the unfiltered roster (0.096917ms)
✔ org: multiple_board_reports fires on a second board report (0.0505ms)
✔ org: violations sort by (rule, actorId, file) (0.092625ms)
✔ org: a clean roster yields zero violations (0.565875ms)
✔ org: the tree roots at the board node and nests reports by name (0.415417ms)
✔ org: every active employee appears exactly once — tree plus unplaced (0.381542ms)
✔ org: an orphaned employee is still shown, under Not placed (0.069834ms)
✔ org: cycle members land in unplaced, never in the tree (0.061625ms)
✔ org: an empty roster still yields the board node, and junk degrades (0.3855ms)
✔ check-org: exits 0 on a clean fixture root (56.604042ms)
✔ check-org: exits 1 and names every violation on the dirty fixture root (59.852334ms)
✔ check-org: exits 2 on an unknown flag and on --root without a value (90.143459ms)
✔ check-org: a root with no personnel/ is exit 0 and says so (93.506541ms)
✔ check-org: reports the examined count and every unclassifiable person on a scratch root (50.706292ms)
✔ readRoster: valid dossiers parsed with all 8 fields, sorted by name (9.540292ms)
✔ readRoster: inline # comments and surrounding quotes are stripped (1.587958ms)
✔ readRoster: missing personnel/ directory yields [] (degradation contract) (1.296833ms)
✔ parseFrontmatter: fences, junk lines, quotes, and comments (0.128833ms)
✔ readPersonnel: fence whitespace and a BOM never hide a broken dossier (2.283083ms)
✔ readPersonnel: examined counts every .md file, dossier or not (2.729833ms)
(node:27805) ExperimentalWarning: SQLite is an experimental feature and might change at any time
(Use `node --trace-warnings ...` to show where the warning was created)
✔ parity: the CLI roster row is the server roster row minus self, in direct and api mode (411.18725ms)
✔ css-cascade: a later rule of equal specificity wins (1.059625ms)
✔ css-cascade: higher specificity beats source order (1.093292ms)
✔ css-cascade: !important beats specificity and order (0.150208ms)
✔ css-cascade: rules inside @media compete, tagged with their condition (0.209292ms)
✔ css-cascade: a selector it cannot score throws instead of guessing (0.261667ms)
✔ truncation: AS-74 — the cascade leaves .roster-title nowrap, overflow hidden, ellipsis — no later or stronger rule re-enables wrapping (8.229583ms)
✔ scroll: isAtBottom — slack boundary at default slack (40) (0.525083ms)
✔ scroll: isAtBottom — explicit slack overrides the default (0.077875ms)
✔ scroll: isAtBottom — degenerate metrics count as at-bottom (0.06625ms)
✔ scroll: renderPreservingScroll — forceBottom jumps to the new bottom (0.969916ms)
✔ scroll: renderPreservingScroll — at bottom stays stuck to new content (0.089708ms)
✔ scroll: renderPreservingScroll — scrolled up restores position exactly (0.0605ms)
✔ scroll: renderPreservingScroll — unchanged content, scrolled up: no movement (0.078125ms)
✔ scroll: renderPreservingScroll — empty/hidden pane is a safe no-op-to-bottom (0.053417ms)
(node:27831) ExperimentalWarning: SQLite is an experimental feature and might change at any time
(Use `node --trace-warnings ...` to show where the warning was created)
✔ seeds four identities and four channels (#board private), idempotently (10.467084ms)
✔ registerIdentity validates and rejects duplicates (6.958292ms)
✔ createChannel validates name and uniqueness (4.034834ms)
✔ dmConversationFor: null pre-DM, the conv id post-openDm, never creates (AS-8) (5.611542ms)
✔ DM is get-or-create on the normalized pair (6.4815ms)
✔ posting, threads flatten to one level, reply counts (5.874666ms)
✔ lattice-events channel: only system posts top-level; threads open to all (6.716333ms)
✔ unread semantics: exactly the AC6 scenario (16.230042ms)
✔ markRead advances the watermark monotonically (7.913292ms)
✔ AS-3: markRead rejects upTo beyond the conversation max; watermark untouched (8.573458ms)
✔ data survives close and reopen (restart durability) (7.148667ms)
✔ two connections interleave writes under WAL (concurrency smoke) (37.945541ms)
✔ ingestEvent is idempotent per event id (4.162125ms)
✔ dumpLines emits valid JSONL covering every table (5.814167ms)
✔ AS-6: #board is invisible to non-members on every store read path (8.319875ms)
✔ AS-6: hidden probes fail byte-identically to nonexistent ones (same template, same code) (5.617833ms)
✔ AS-11: cross-conversation threadRoot rejection is type-blind and non-attributing (4.289083ms)
✔ AS-6: name collision with a hidden channel is uninformative; visible collision unchanged (3.710583ms)
✔ AS-6: createChannel supports private channels at store level, with validation (5.374208ms)
✔ AS-6: founders are re-seeded into #board on every open (lockout-proof) (6.414333ms)
✔ AS-6: lattice ingestion only ever posts to #lattice-events, never #board (2.848333ms)
✔ AS-6: v0 database migrates in place to v1, preserving all data; re-open is a no-op (10.529625ms)
✔ AS-7 sentinel: human post writes last-human-message.json; later human post overwrites (5.596125ms)
✔ AS-7 sentinel: agent and system authors (incl. ingestEvent) never touch it (5.952375ms)
✔ AS-7 sentinel: a human thread reply updates it (any human message counts) (3.464791ms)
✔ AS-7 sentinel: :memory: store never writes; a failing write never fails the post (4.382084ms)
✔ AS-13 sentinel: two stores on one data dir interleave posts without tmp collisions (11.815416ms)
✔ AS-25: onMessage fires post-commit for postMessage and ingestEvent; a subscriber throw never fails the write (5.813625ms)
✔ AS-25: visibleTo — public true, hidden channel members-only, DM members-only, unknown false (4.29625ms)
✔ AS-25: messagesSince returns the flat id-ordered delta (replies included) behind the same gate as getMessages (5.868042ms)
✔ AS-26: resolveMessage returns navigation data only, gated on visibility (6.553542ms)
✔ AS-26: resolveMessage — hidden and nonexistent targets fail byte-identically (8.981166ms)
(node:27872) ExperimentalWarning: SQLite is an experimental feature and might change at any time
(Use `node --trace-warnings ...` to show where the warning was created)
✔ stream: AS-25 — two connected clients both receive a posted message as a push frame (no GET issued) (59.974834ms)
✔ stream: AS-25 — hidden-channel parity: a non-member receives zero #board bytes (proved by ordering) (34.357792ms)
✔ stream: AS-25 — endpoint gating: unknown me is a 404 JSON envelope (no stream), missing me a 400 (10.466333ms)
✔ stream: AS-25 — lattice ingestion pushes too (single event source covers ingestEvent) (28.525458ms)
✔ stream: AS-25 — close() reaps live streams and the heartbeat; shutdown never wedges (12.943791ms)
✔ stream: AS-27 — a new lock pushes exactly one loop frame; an unchanged lock pushes none over ten polls (952.87575ms)
✔ stream: AS-85 — deploy-state churn (computedAt, lastAttempt, runningId) pushes no loop frame over ten polls; a real build change pushes exactly one (2983.385709ms)
✔ stream: AS-85 — each build field earns exactly one loop frame when it alone changes: desiredId, current, reason (2808.310125ms)
✔ stream: AS-27 — loop frames reach every viewer identically (no visibility gate) (33.473542ms)
✔ stream: AS-27/AS-80 — close() clears every interval the server armed, the loop poll included (24.888ms)
✔ stream-lanes-change-only: a rewritten snapshot pushes exactly one lanes frame; an untouched one pushes none over ten polls (1115.370333ms)
✔ stream-company-change-only: each appended event pushes exactly one company frame, in file order; an untouched file pushes none (1199.070208ms)
✔ stream-company-truncation: a truncated stream is reported as a fact and the server stays up (1506.134166ms)
✔ stream-lanes-liveness-change-only: a stage event earns a lanes frame; elapsed time alone does not (2321.486292ms)
✔ stream: AS-99 — lanes frames reach every viewer identically (no visibility gate) (40.986167ms)
✔ stream: AS-81 — no on-connect frame at all: openStream rejects naming the contract AND hangs up (266.628333ms)
✔ stream: AS-81 — on-connect frames out of order: openStream rejects naming the order AND hangs up (4.96425ms)
✔ thread-modal: Escape closes only while the modal is visible (0.46175ms)
✔ thread-modal: defaultPrevented events never close (DM typeahead contract) (0.074084ms)
✔ thread-modal: only the Escape key qualifies (0.071ms)
✔ thread-modal: click on the overlay itself is a backdrop click (0.640166ms)
✔ thread-modal: clicks inside the dialog are not backdrop clicks (0.065958ms)
✔ thread-modal: gesture down+click both on the backdrop closes (0.059459ms)
✔ thread-modal: selection drag from dialog to backdrop does NOT close (0.063792ms)
✔ thread-modal: null down-target falls back to the click-target check alone (0.056083ms)
✔ url-state: parse — every grammar production (0.986542ms)
✔ url-state: parse — junk tolerance, never throws (0.847375ms)
✔ url-state: serialize — roundtrip property for valid selections (0.286625ms)
✔ url-state: serialize — owns only c/t/m; foreign params preserved (0.1065ms)
✔ url-state: resolve — channel and dm hits (0.103417ms)
✔ url-state: resolve — oracle-safety contract: hidden === nonexistent (0.060583ms)
✔ url-state: resolve — null-safe on empty/missing inputs (0.061334ms)
﹣ AS-87 real build: the state file heartbeats through the build and deploy-*.log carries the BuildKit output (0.391041ms) # opt-in: set AS87_REAL_BUILD=1
✔ watcher-events-tick-started-shape (3.900042ms)
✔ watcher-events-timeout-closes-as-cut (1.5915ms)
✔ watcher-events-close-before-tick-ended (0.316959ms)
✔ watcher-events-timeout-closes-subagent-as-cut (0.294875ms)
✔ watcher-events-unclosed-not-completed (0.21575ms)
✔ watcher-events-error-exit-closes-as-error (0.190875ms)
✔ watcher-events-tick-ended-noop-and-no-stream (0.191541ms)
✔ watcher-events-sweep-boundary (0.300291ms)
✔ watcher-events-sweep-respects-lock (0.168ms)
✔ watcher-events-sweep-closes-open-tick-as-error (0.244875ms)
✔ watcher-events-open-derived-from-stream (0.204667ms)
✔ watcher-events-append-failure-degrades-feed-not-tick (0.252125ms)
✔ watcher-lanes-happy-path: one snapshot row per linked worktree, main flagged and kept (2.630416ms)
✔ watcher-lanes-merged: an ancestor tip off master's first-parent chain is merged (0.262167ms)
✔ watcher-lanes-generatedAt-advances: every poll writes, even with byte-identical git output (1.04325ms)
✔ watcher-lanes-git-down: a failed worktree list is a timestamped fact, not a crash (0.216083ms)
✔ watcher-lanes-never-rejects: a git runner that THROWS is still a timestamped fact (0.128167ms)
✔ watcher-lanes-never-rejects-midway: a throw inside the row loop degrades to the error shape, never a partial list (0.125084ms)
✔ watcher-lanes-row-isolation: one broken worktree never blanks its neighbours (0.227625ms)
✔ watcher-lanes-argv-pin: the status call carries --no-optional-locks, always (0.141375ms)
✔ watcher-lanes-dirty-lattice: board state on a task branch is surfaced by name (0.107ms)
✔ watcher-lanes-unwritable: an unwritable snapshot warns once and never throws (0.185042ms)
✔ watcher-lanes-detached: a worktree with no branch is still measured, off its HEAD (0.131666ms)
✔ a-statuses: any mid-lifecycle status continues the loop (1.298ms)
✔ a-review: a task in review alone keeps the loop alive (0.117417ms)
✔ a-terminal-only: done/cancelled/needs_human/blocked are not mid-lifecycle (0.134458ms)
✔ b-ready: a ready backlog task continues the loop (0.1085ms)
✔ b-chatset-detail: chat-set membership is counted (title prefix or critical) (0.081291ms)
✔ b-not-ready-statuses: needs_human/blocked-only board is dry (0.074292ms)
✔ c-new-message: sentinel above highwater continues, ranked above mid-lifecycle (0.065208ms)
✔ c-equal-not-new: sentinel equal to highwater is not a new message (0.057375ms)
✔ c-no-highwater: a first message with no highwater is new (0.402125ms)
✔ c-single-fire: a poll fires the message OR the loop, never both (0.690667ms)
✔ c-single-fire-deploy-yield: the loop waits for a pending rebuild, but only when it owes a tick (0.07775ms)
✔ d-dry: an empty board with nothing new stops the loop (0.08175ms)
✔ e-one-continues: one unmoved HEAD continues with noProgress 1 (0.066042ms)
✔ e-two: two consecutive unmoved HEADs stop the loop even with work left (0.100792ms)
✔ e-reset: a moved HEAD resets the no-progress counter (0.070542ms)
✔ e-unknown-head: an unreadable HEAD counts as no progress (0.061666ms)
✔ f-23: the 23rd tick still continues (0.040709ms)
✔ f-24: the 24th tick hits the cap (0.047667ms)
✔ f-8h: eight hours elapsed hits the cap regardless of tick count (0.051208ms)
✔ f-limits-injectable: a caller can tighten the caps (0.05025ms)
✔ g-one: a single failed tick continues with failures 1 (0.038375ms)
✔ g-two: two failed ticks stop the loop (0.044833ms)
✔ g-timeout: a timed-out tick counts as a failure, as does a signal (0.074709ms)
✔ g-reset: a clean tick resets the failure counter (0.05125ms)
✔ g-precedence: failures stop the loop even when a new message is waiting (0.0405ms)
✔ dep-unmet-out: a backlog task with an unmet depends_on is not ready (0.132333ms)
✔ dep-met: a backlog task whose deps are done/cancelled is ready (0.076667ms)
✔ dep-missing-target: an unresolvable dependency is unmet, not ignored (0.063583ms)
✔ dep-unmet-in: an inverse "blocks" edge makes the blocked task unready (0.248625ms)
✔ reader-shape: readBoard projects the fields the predicate needs (0.098042ms)
✔ reader-unparsable: a half-written task file is skipped and counted (0.078292ms)
✔ reader-missing-dir: a missing tasks dir yields an empty board, no throw (0.0625ms)
✔ head-ref: a symbolic HEAD resolves through .git/refs (0.156167ms)
✔ head-packed: a HEAD with no loose ref falls back to packed-refs (0.786542ms)
✔ head-detached: a detached HEAD returns the sha itself (0.24375ms)
✔ head-worktree: a gitdir: pointer file is followed (0.20875ms)
✔ lock-marker: a loop tick stamps loop.ticks into the lock body, source unchanged (0.837208ms)
✔ lock-marker-absent: acquiring without the marker leaves the body exactly as it was (0.561292ms)
✔ head-unreadable: an unreadable repo yields null, never a throw (0.103958ms)
✔ f3-mirror-at-start: arming a loop mirrors it immediately, before its first tick runs (0.21325ms)
✔ f3-mirror-is-resumable: what start() writes is what resume() re-enters (0.133708ms)
✔ f1-abort-retries: an aborted loop fire keeps the debt and says so once (0.789375ms)
✔ f1-abort-bounded: a lock that never frees stops the loop with a reason the board can read (0.300541ms)
✔ f1-abort-clears-on-success: a fire that gets the lock ends the wait episode (0.40375ms)
✔ f1-abort-outside-a-loop: an aborted message fire arms nothing and stops nothing (0.159709ms)
✔ f1-limit-default: the lock wait outlives both the tick timeout and the lock staleness rule (0.099584ms)
✔ f2-resume-waits-out-a-live-lock: a young lock blocks the resumed fire, once, loudly (0.305583ms)
✔ f2-resume-fires-when-the-lock-aged-out: older than a whole tick timeout is not a live tick (0.164334ms)
✔ f2-resume-fires-with-no-lock: nothing held means nothing to wait for (0.167875ms)
✔ f2-gate-is-age-not-pid: a young lock whose owner pid is long dead still blocks (0.173667ms)
✔ f2-undatable-lock-does-not-block-forever: a lock with no readable age is left to the steal rule (0.141625ms)
✔ f2-gate-is-resume-only: once the resumed loop fires its own tick, the gate is gone (0.199167ms)
✔ f2-poll-order: a held lock outranks a pending deploy, and a message outranks both (0.062833ms)
✔ f1-retry-is-quiet: the retries inside a wait episode do not re-announce the tick (0.065417ms)
✔ f3-mirror-after-every-settle: a settled tick is in the file before the next one fires (0.138167ms)
✔ f3-mirror-records-the-stop: the file says the loop ended and why (0.068708ms)
✔ f3-mirror-outside-a-loop: a tick with no loop still refreshes lastTick (0.041625ms)
✔ AS-82 makeWatcher: start() refuses to run beside a live watcher, and otherwise writes the pid file with startedAt === heartbeatAt (8.837334ms)
✔ AS-82 makeWatcher: every poll rewrites heartbeatAt — including while our own tick is running — and never touches pid/startedAt (12.33ms)
✔ AS-82 makeWatcher: a message fires exactly one tick — lock taken with our pid/source/nonce/loop marker, highwater advanced, tick_started emitted (6.035667ms)
✔ AS-82 makeWatcher: the spawn call site passes tickArgv() and tickChildEnv() verbatim, with the settings-file grants, from the repo root (9.424666ms)
✔ AS-82 makeWatcher: settle releases the lock, then records tick_ended, then folds the tick into the loop — in that order (5.241584ms)
✔ AS-82 makeWatcher: a tick that outlives the box is SIGTERMed and settles as timedOut (157.293458ms)
✔ AS-82 makeWatcher: a fire that loses the lock spawns nothing and leaves the highwater alone (8.74875ms)
✔ AS-84 makeWatcher: shutdown clears the intervals, SIGTERMs the child and WAITS for its settle — tick_ended before exit 0 (5.119167ms)
✔ AS-84 makeWatcher: shutdown with a deploy in flight aborts it and waits for it before exiting (1.909875ms)
✔ AS-84 makeWatcher: shutdown never releases a lock it does not own — a deploy-source lock survives (2.098875ms)
✔ AS-84 makeWatcher: the shutdown grace is a bound — a child that ignores SIGTERM is SIGKILLed and we still exit 0 (15.322042ms)
✔ AS-84 makeWatcher: the shutdown grace bounds the deploy child too — a build that ignores SIGTERM is SIGKILLed and we still exit 0 (13.10825ms)
✔ AS-84 makeWatcher: deployPoll() survives a rejecting evaluate — no unhandled rejection, one ERROR line (2.593ms)
✔ AS-82 makeWatcher: a spawn error settles the tick and frees the lock (4.441875ms)
✔ AS-92 makeWatcher: fire() spawns the tick with the prepended PATH and logs TICK-PATH (4.446291ms)
✔ AS-88 makeWatcher: deploys to the production project — start() without injected deploy ops builds them with PRODUCTION_COMPOSE_PROJECT (1.506042ms)
✔ AS-82 entry point: the real process heartbeats on its own interval against a temp data dir, and SIGTERM removes the pid file with exit 0 (56.977917ms)
✔ AS-84 entry point: SIGTERM mid-build terminates the compose child, leaves no lock, records the abort, exits 0 (932.922834ms)
✔ AS-84 entry point: a build that ignores SIGTERM is SIGKILLed at grace expiry — no orphan, no deploy lock, exit 0 (1201.127333ms)
✔ AS-92 real process: a child given the thin PATH plus the watcher's prepend can run docker and gh; without the prepend it cannot (185.228125ms)
✔ decide: missing or unparsable sentinel is a noop (0.833083ms)
✔ decide: sentinel at or below highwater is a noop (already fired) (0.833084ms)
✔ decide: first advance arms a 15s trailing window; further advances never extend it (0.093125ms)
✔ decide: two advances inside one window collapse to one fire at the latest messageId (0.106875ms)
✔ decide: expired window with a fresh foreign lock skips, then fires once the lock clears (0.119041ms)
✔ decide: stale locks (dead pid / age) are fired over, not respected (0.204125ms)
✔ decide: missed-while-down recovery fires exactly once from persisted state (0.10575ms)
✔ isLockStale: fresh, dead-pid, over-age, and unparsable startedAt (0.407417ms)
✔ makeLockOps: clean acquire creates the lock with our pid; release removes it (1.12625ms)
✔ makeLockOps: fresh foreign lock is respected — acquire false, file untouched (0.631625ms)
✔ makeLockOps: stale locks (dead pid / old startedAt / unparsable) are stolen; verify passes (1.913417ms)
✔ makeLockOps: foreign overwrite between create and verify yields without unlink (0.487833ms)
✔ AS-84 makeLockOps: release is by pid AND source — a deploy-source instance leaves a watcher-source lock alone, and vice versa (1.14675ms)
✔ AS-84 makeLockOps: verify-after-create requires our nonce, not just our pid (0.525542ms)
✔ tickChildEnv: pins exactly {PATH, HOME, USER, LOGNAME, ADVANCE_TICK_PARENT} — no more, no less (0.253583ms)
✔ AS-92 tickPathPrepend: a thin PATH gains the docker and gh directories, docker first (0.169916ms)
✔ AS-92 tickPathPrepend: directories already on PATH are reported present, never repeated, and PATH is not reordered (0.066875ms)
✔ AS-92 tickPathPrepend: ADVANCE_TICK_PATH_EXTRA goes first, splits on ':', drops empties, de-duplicates (0.066167ms)
✔ AS-92 tickPathPrepend / tickChildEnv: nothing resolvable passes PATH through verbatim (0.086125ms)
✔ AS-92 resolveGhBin: override, override-missing (no fall-through), candidates in order, not-found; GH_CANDIDATES pinned (0.250792ms)
✔ tickArgv: pins the exact spawn argv — marker rides as the /advance prompt argument (0.148541ms)
✔ tickArgv: injected rules append --allowedTools/--disallowedTools, each rule its own element, denies last (0.073709ms)
✔ loadPermissionRules: valid settings file yields exact {allow, deny} from one parse (0.892333ms)
✔ loadPermissionRules: missing file, malformed JSON, and non-object JSON all yield null (1.531958ms)
✔ loadPermissionRules: absent/partial permissions default to empty lists; non-strings filtered (1.526291ms)
✔ loadPermissionRules -> tickArgv composition: force-push denies ride as trailing argv elements whenever allows do (0.502209ms)
✔ fireNonce: 16 lowercase hex chars (64 bits), fresh per call (0.3085ms)
✔ nonce threading: one fire's nonce is identical across lock body, argv marker, and env marker (0.595666ms)
✔ config: defaults match the plan; env overrides apply; junk env falls back (0.211ms)
✔ writeWatcherPid: atomic {pid, startedAt, heartbeatAt}; heartbeats advance without losing startedAt (1.05875ms)
✔ AS-75 resolveDockerBin: an override that does not exist is loud, never a fall-through (0.094792ms)
✔ AS-75 resolveGitBin: absolute when it exists, bare name otherwise, override always wins (0.049542ms)
✔ AS-75 parseLsTree: a short input set is a refusal, and the digest ignores git output order (0.451917ms)
✔ AS-86 classifyImagePaths: strays are named, roots cover their children, and names are not prefixes (0.1365ms)
✔ AS-75 watchSourceDigest: order-independent, content-sensitive, and name-boundary safe (0.144209ms)
✔ AS-75 pruneLogs: tick and deploy logs share one retention rule (1.003292ms)
✔ AS-75 decideDeploy: every rule in the table, in the table's order (0.190959ms)
✔ AS-75 decideDeploy: the cooldown suppresses only a repeat of a FAILED attempt at the SAME id (0.052959ms)
✔ AS-75 decideDeploy: an unreadable running id is not-current, never accidentally current (0.060708ms)
✔ AS-95 makeDeployOps: pendingDeploy() answers "a rebuild is owed and can run", and never blocks the loop forever (4.384083ms)
✔ AS-75 makeDeployOps: a stale container is rebuilt with the right env, and success means the RUNNING id changed (1.907792ms)
✔ AS-75 makeDeployOps: exit code 0 with a mismatched re-probe is a FAILURE, not a success (3.608083ms)
✔ AS-75 makeDeployOps: a deploy takes advance.lock with source "deploy" for its duration (1.6195ms)
✔ AS-75 makeDeployOps: a fresh foreign lock yields noop/busy and spawns nothing (3.0695ms)
✔ AS-75 makeDeployOps: a dirty image-input tree refuses, and a broken git refuses differently (2.404583ms)
✔ AS-75 makeDeployOps: no docker binary is a refusal that names the remedy, not a crash (0.601333ms)
✔ AS-75 makeDeployOps: a watcher-source change exits 70 and leaves the pid file alone (3.201167ms)
✔ AS-75 makeDeployOps: deploy-state.json is written on every poll, atomically, for the server to read (1.858667ms)
✔ AS-84 makeDeployOps: lastAttempt is hydrated from deploy-state.json — a failed attempt at the desired id, inside the cooldown, refuses without building (5.614ms)
✔ AS-84 makeDeployOps: an interrupted attempt ('started' on disk) counts as a failure for the cooldown (10.974875ms)
✔ AS-84 makeDeployOps: the 'started' record is on disk before compose is spawned (2.056041ms)
✔ AS-84 makeDeployOps: abort() signals the running build, records an abort rather than a failure, and gives the lock back (14.732792ms)
✔ AS-84 makeDeployOps: abort() while idle resolves immediately and touches nothing (0.36175ms)
✔ AS-84 makeDeployOps: evaluate() never rejects — a throwing collaborator becomes {noop, error}, persisted, logged once (1.102292ms)
✔ AS-84 runDockerCompose: a compose log stream error is logged, not thrown — the build still resolves (0.853667ms)
✔ AS-87 evaluate heartbeats while deploying: every poll during a build rewrites deploy-state.json with a fresh computedAt and reason "deploying" (2.077834ms)
✔ AS-87 runDockerCompose argv: compose is spawned with --progress plain, never quiet (0.226875ms)
✔ AS-88 runDockerCompose names the caller's project: -p carries composeProject, not a literal (0.142791ms)
✔ AS-88 runDockerCompose refuses an implicit project: no composeProject -> throws before opening the log or spawning (0.287542ms)
✔ AS-88 performDeploy passes composeProject through to deploy() and names it in the DEPLOY building line (1.556917ms)
✔ AS-88 makeDeployOps refuses a COMPOSE_PROJECT_NAME the scrub would discard (AS-75 review F8) (0.548625ms)
✔ AS-88 makeDeployOps accepts an agreeing or empty COMPOSE_PROJECT_NAME (1.073542ms)
✔ AS-88 makeDeployOps requires composeProject: no default, throws at construction (0.848875ms)
ℹ tests 554
ℹ suites 0
ℹ pass 553
ℹ fail 0
ℹ cancelled 0
ℹ skipped 1
ℹ todo 0
ℹ duration_ms 14275.116083
