[08:51:58Z] background build r2-build-1 started (pid 12639)
[08:51:58Z] R2 run 1: build alive=true, siblings=["asc-chat-server-1","whatever-sticks-app-1","whatever-sticks-db-1","asc-invoicing-web-1","web","api","search","meilisearch","postgres"]
[08:52:39Z] R2 run 1 -> tests=484 pass=484 fail=0 exit=0 41.85s | Image as83test-test Built | buildStillRunning=true
[08:52:39Z] R2 run 2: build alive=true, siblings=["asc-chat-server-1","whatever-sticks-app-1","whatever-sticks-db-1","asc-invoicing-web-1","web","api","search","meilisearch","postgres"]
[08:53:21Z] R2 run 2 -> tests=484 pass=484 fail=0 exit=0 41.34s | Image as83test-test Built | buildStillRunning=true
[08:53:21Z] R2 run 3: build alive=true, siblings=["asc-chat-server-1","whatever-sticks-app-1","whatever-sticks-db-1","asc-invoicing-web-1","web","api","search","meilisearch","postgres"]
[08:54:00Z] R2 run 3 -> tests=484 pass=484 fail=0 exit=0 39.49s | Image as83test-test Built | buildStillRunning=true
[08:54:00Z] R0 build: build alive=true, siblings=["asc-chat-server-1","whatever-sticks-app-1","whatever-sticks-db-1","asc-invoicing-web-1","web","api","search","meilisearch","postgres"]
[08:54:02Z] R0 build -> {"mode":"build","nproc":10,"burners":0,"n":50,"p50":3.3,"p99":85.7,"max":85.7,"buildAlive":true,"siblings":["asc-chat-server-1","whatever-sticks-app-1","whatever-sticks-db-1","asc-invoicing-web-1","web","api","search","meilisearch","postgres"],"built":"Image as83test-test Built"}
[08:54:02Z] killing background build before R0 burn
[08:54:02Z] background build r2-build-1 exited 0
[08:54:03Z] R0 burn: build alive=false, siblings=["asc-chat-server-1","whatever-sticks-app-1","whatever-sticks-db-1","asc-invoicing-web-1","web","api","search","meilisearch","postgres"]
[08:54:07Z] R0 burn -> {"mode":"burn","nproc":10,"burners":20,"n":50,"p50":5.3,"p99":334.9,"max":334.9,"buildAlive":false,"siblings":["asc-chat-server-1","whatever-sticks-app-1","whatever-sticks-db-1","asc-invoicing-web-1","web","api","search","meilisearch","postgres"],"built":"Image as83test-test Built"}
[08:54:07Z] R0 quiet: build alive=false, siblings=["asc-chat-server-1","whatever-sticks-app-1","whatever-sticks-db-1","asc-invoicing-web-1","web","api","search","meilisearch","postgres"]
[08:54:09Z] R0 quiet -> {"mode":"quiet","nproc":10,"burners":0,"n":50,"p50":2.7,"p99":84.7,"max":84.7,"buildAlive":false,"siblings":["asc-chat-server-1","whatever-sticks-app-1","whatever-sticks-db-1","asc-invoicing-web-1","web","api","search","meilisearch","postgres"],"built":"Image as83test-test Built"}
[08:54:09Z] DONE
{
  "r2": [
    {
      "run": 1,
      "tests": 484,
      "pass": 484,
      "fail": 0,
      "exit": 0,
      "secs": 41.85,
      "built": "Image as83test-test Built",
      "buildAliveAtStart": true,
      "buildAliveAtEnd": true,
      "siblings": [
        "asc-chat-server-1",
        "whatever-sticks-app-1",
        "whatever-sticks-db-1",
        "asc-invoicing-web-1",
        "web",
        "api",
        "search",
        "meilisearch",
        "postgres"
      ]
    },
    {
      "run": 2,
      "tests": 484,
      "pass": 484,
      "fail": 0,
      "exit": 0,
      "secs": 41.34,
      "built": "Image as83test-test Built",
      "buildAliveAtStart": true,
      "buildAliveAtEnd": true,
      "siblings": [
        "asc-chat-server-1",
        "whatever-sticks-app-1",
        "whatever-sticks-db-1",
        "asc-invoicing-web-1",
        "web",
        "api",
        "search",
        "meilisearch",
        "postgres"
      ]
    },
    {
      "run": 3,
      "tests": 484,
      "pass": 484,
      "fail": 0,
      "exit": 0,
      "secs": 39.49,
      "built": "Image as83test-test Built",
      "buildAliveAtStart": true,
      "buildAliveAtEnd": true,
      "siblings": [
        "asc-chat-server-1",
        "whatever-sticks-app-1",
        "whatever-sticks-db-1",
        "asc-invoicing-web-1",
        "web",
        "api",
        "search",
        "meilisearch",
        "postgres"
      ]
    }
  ],
  "r0": [
    {
      "mode": "build",
      "nproc": 10,
      "burners": 0,
      "n": 50,
      "p50": 3.3,
      "p99": 85.7,
      "max": 85.7,
      "buildAlive": true,
      "siblings": [
        "asc-chat-server-1",
        "whatever-sticks-app-1",
        "whatever-sticks-db-1",
        "asc-invoicing-web-1",
        "web",
        "api",
        "search",
        "meilisearch",
        "postgres"
      ],
      "built": "Image as83test-test Built"
    },
    {
      "mode": "burn",
      "nproc": 10,
      "burners": 20,
      "n": 50,
      "p50": 5.3,
      "p99": 334.9,
      "max": 334.9,
      "buildAlive": false,
      "siblings": [
        "asc-chat-server-1",
        "whatever-sticks-app-1",
        "whatever-sticks-db-1",
        "asc-invoicing-web-1",
        "web",
        "api",
        "search",
        "meilisearch",
        "postgres"
      ],
      "built": "Image as83test-test Built"
    },
    {
      "mode": "quiet",
      "nproc": 10,
      "burners": 0,
      "n": 50,
      "p50": 2.7,
      "p99": 84.7,
      "max": 84.7,
      "buildAlive": false,
      "siblings": [
        "asc-chat-server-1",
        "whatever-sticks-app-1",
        "whatever-sticks-db-1",
        "asc-invoicing-web-1",
        "web",
        "api",
        "search",
        "meilisearch",
        "postgres"
      ],
      "built": "Image as83test-test Built"
    }
  ]
}
